Archive member included because of file (symbol)

.\CortexM0\ARM_GCC_473\Debug\PWM_LED_Fade.a(cyfitter_cfg.o)
                              .\CortexM0\ARM_GCC_473\Debug\Cm0Start.o (cyfitter_cfg)
.\CortexM0\ARM_GCC_473\Debug\PWM_LED_Fade.a(TC_ISR.o)
                              .\CortexM0\ARM_GCC_473\Debug\main.o (TC_ISR_StartEx)
.\CortexM0\ARM_GCC_473\Debug\PWM_LED_Fade.a(CyBootAsmGnu.o)
                              .\CortexM0\ARM_GCC_473\Debug\PWM_LED_Fade.a(cyfitter_cfg.o) (CyDelayCycles)
.\CortexM0\ARM_GCC_473\Debug\PWM_LED_Fade.a(CyLib.o)
                              .\CortexM0\ARM_GCC_473\Debug\PWM_LED_Fade.a(cyfitter_cfg.o) (CyDelayUs)
.\CortexM0\ARM_GCC_473\Debug\PWM_LED_Fade.a(PWM.o)
                              .\CortexM0\ARM_GCC_473\Debug\main.o (PWM_WritePeriod)
d:/program files (x86)/cypress/psoc creator/3.0/psoc creator/import/gnu_cs/arm/4.7.3/bin/../lib/gcc/arm-none-eabi/4.7.3/armv6-m\libgcc.a(_udivsi3.o)
                              .\CortexM0\ARM_GCC_473\Debug\PWM_LED_Fade.a(CyLib.o) (__aeabi_uidiv)
d:/program files (x86)/cypress/psoc creator/3.0/psoc creator/import/gnu_cs/arm/4.7.3/bin/../lib/gcc/arm-none-eabi/4.7.3/armv6-m\libgcc.a(_divsi3.o)
                              .\CortexM0\ARM_GCC_473\Debug\Cm0Start.o (__aeabi_idiv)
d:/program files (x86)/cypress/psoc creator/3.0/psoc creator/import/gnu_cs/arm/4.7.3/bin/../lib/gcc/arm-none-eabi/4.7.3/armv6-m\libgcc.a(_dvmd_tls.o)
                              d:/program files (x86)/cypress/psoc creator/3.0/psoc creator/import/gnu_cs/arm/4.7.3/bin/../lib/gcc/arm-none-eabi/4.7.3/armv6-m\libgcc.a(_udivsi3.o) (__aeabi_idiv0)
d:/program files (x86)/cypress/psoc creator/3.0/psoc creator/import/gnu_cs/arm/4.7.3/bin/../lib/gcc/arm-none-eabi/4.7.3/../../../../arm-none-eabi/lib/armv6-m\libc_s.a(lib_a-__atexit2.o)
                              d:/program files (x86)/cypress/psoc creator/3.0/psoc creator/import/gnu_cs/arm/4.7.3/bin/../lib/gcc/arm-none-eabi/4.7.3/../../../../arm-none-eabi/lib/armv6-m/crt0.o (__register_exitproc)
d:/program files (x86)/cypress/psoc creator/3.0/psoc creator/import/gnu_cs/arm/4.7.3/bin/../lib/gcc/arm-none-eabi/4.7.3/../../../../arm-none-eabi/lib/armv6-m\libc_s.a(lib_a-exit.o)
                              d:/program files (x86)/cypress/psoc creator/3.0/psoc creator/import/gnu_cs/arm/4.7.3/bin/../lib/gcc/arm-none-eabi/4.7.3/../../../../arm-none-eabi/lib/armv6-m/crt0.o (exit)
d:/program files (x86)/cypress/psoc creator/3.0/psoc creator/import/gnu_cs/arm/4.7.3/bin/../lib/gcc/arm-none-eabi/4.7.3/../../../../arm-none-eabi/lib/armv6-m\libc_s.a(lib_a-fini.o)
                              d:/program files (x86)/cypress/psoc creator/3.0/psoc creator/import/gnu_cs/arm/4.7.3/bin/../lib/gcc/arm-none-eabi/4.7.3/../../../../arm-none-eabi/lib/armv6-m/crt0.o (__libc_fini_array)
d:/program files (x86)/cypress/psoc creator/3.0/psoc creator/import/gnu_cs/arm/4.7.3/bin/../lib/gcc/arm-none-eabi/4.7.3/../../../../arm-none-eabi/lib/armv6-m\libc_s.a(lib_a-impure.o)
                              d:/program files (x86)/cypress/psoc creator/3.0/psoc creator/import/gnu_cs/arm/4.7.3/bin/../lib/gcc/arm-none-eabi/4.7.3/../../../../arm-none-eabi/lib/armv6-m\libc_s.a(lib_a-exit.o) (_global_impure_ptr)
d:/program files (x86)/cypress/psoc creator/3.0/psoc creator/import/gnu_cs/arm/4.7.3/bin/../lib/gcc/arm-none-eabi/4.7.3/../../../../arm-none-eabi/lib/armv6-m\libc_s.a(lib_a-init.o)
                              d:/program files (x86)/cypress/psoc creator/3.0/psoc creator/import/gnu_cs/arm/4.7.3/bin/../lib/gcc/arm-none-eabi/4.7.3/../../../../arm-none-eabi/lib/armv6-m/crt0.o (__libc_init_array)
d:/program files (x86)/cypress/psoc creator/3.0/psoc creator/import/gnu_cs/arm/4.7.3/bin/../lib/gcc/arm-none-eabi/4.7.3/../../../../arm-none-eabi/lib/armv6-m\libc_s.a(lib_a-memcpy.o)
                              .\CortexM0\ARM_GCC_473\Debug\PWM_LED_Fade.a(cyfitter_cfg.o) (memcpy)
d:/program files (x86)/cypress/psoc creator/3.0/psoc creator/import/gnu_cs/arm/4.7.3/bin/../lib/gcc/arm-none-eabi/4.7.3/../../../../arm-none-eabi/lib/armv6-m\libc_s.a(lib_a-memset.o)
                              d:/program files (x86)/cypress/psoc creator/3.0/psoc creator/import/gnu_cs/arm/4.7.3/bin/../lib/gcc/arm-none-eabi/4.7.3/../../../../arm-none-eabi/lib/armv6-m/crt0.o (memset)

Allocating common symbols
Common symbol       size              file

curPos              0x2               .\CortexM0\ARM_GCC_473\Debug\main.o

Discarded input sections

 .text          0x00000000        0x0 d:/program files (x86)/cypress/psoc creator/3.0/psoc creator/import/gnu_cs/arm/4.7.3/bin/../lib/gcc/arm-none-eabi/4.7.3/armv6-m/crti.o
 .data          0x00000000        0x0 d:/program files (x86)/cypress/psoc creator/3.0/psoc creator/import/gnu_cs/arm/4.7.3/bin/../lib/gcc/arm-none-eabi/4.7.3/armv6-m/crti.o
 .bss           0x00000000        0x0 d:/program files (x86)/cypress/psoc creator/3.0/psoc creator/import/gnu_cs/arm/4.7.3/bin/../lib/gcc/arm-none-eabi/4.7.3/armv6-m/crti.o
 .data          0x00000000        0x4 d:/program files (x86)/cypress/psoc creator/3.0/psoc creator/import/gnu_cs/arm/4.7.3/bin/../lib/gcc/arm-none-eabi/4.7.3/armv6-m/crtbegin.o
 .text          0x00000000       0x74 d:/program files (x86)/cypress/psoc creator/3.0/psoc creator/import/gnu_cs/arm/4.7.3/bin/../lib/gcc/arm-none-eabi/4.7.3/../../../../arm-none-eabi/lib/armv6-m/crt0.o
 .data          0x00000000        0x0 d:/program files (x86)/cypress/psoc creator/3.0/psoc creator/import/gnu_cs/arm/4.7.3/bin/../lib/gcc/arm-none-eabi/4.7.3/../../../../arm-none-eabi/lib/armv6-m/crt0.o
 .bss           0x00000000        0x0 d:/program files (x86)/cypress/psoc creator/3.0/psoc creator/import/gnu_cs/arm/4.7.3/bin/../lib/gcc/arm-none-eabi/4.7.3/../../../../arm-none-eabi/lib/armv6-m/crt0.o
 .ARM.extab     0x00000000        0x0 d:/program files (x86)/cypress/psoc creator/3.0/psoc creator/import/gnu_cs/arm/4.7.3/bin/../lib/gcc/arm-none-eabi/4.7.3/../../../../arm-none-eabi/lib/armv6-m/crt0.o
 .ARM.exidx     0x00000000        0x8 d:/program files (x86)/cypress/psoc creator/3.0/psoc creator/import/gnu_cs/arm/4.7.3/bin/../lib/gcc/arm-none-eabi/4.7.3/../../../../arm-none-eabi/lib/armv6-m/crt0.o
 .text          0x00000000        0x0 .\CortexM0\ARM_GCC_473\Debug\main.o
 .data          0x00000000        0x0 .\CortexM0\ARM_GCC_473\Debug\main.o
 .bss           0x00000000        0x0 .\CortexM0\ARM_GCC_473\Debug\main.o
 COMMON         0x00000000        0x2 .\CortexM0\ARM_GCC_473\Debug\main.o
 .text          0x00000000        0x0 .\CortexM0\ARM_GCC_473\Debug\cybootloader.o
 .data          0x00000000        0x0 .\CortexM0\ARM_GCC_473\Debug\cybootloader.o
 .bss           0x00000000        0x0 .\CortexM0\ARM_GCC_473\Debug\cybootloader.o
 .text          0x00000000        0x0 .\CortexM0\ARM_GCC_473\Debug\cymetadata.o
 .data          0x00000000        0x0 .\CortexM0\ARM_GCC_473\Debug\cymetadata.o
 .bss           0x00000000        0x0 .\CortexM0\ARM_GCC_473\Debug\cymetadata.o
 .text          0x00000000        0x0 .\CortexM0\ARM_GCC_473\Debug\Cm0Start.o
 .data          0x00000000        0x0 .\CortexM0\ARM_GCC_473\Debug\Cm0Start.o
 .bss           0x00000000        0x0 .\CortexM0\ARM_GCC_473\Debug\Cm0Start.o
 .text._exit    0x00000000       0x28 .\CortexM0\ARM_GCC_473\Debug\Cm0Start.o
 .text          0x00000000        0x0 .\CortexM0\ARM_GCC_473\Debug\PWM_LED_Fade.a(cyfitter_cfg.o)
 .bss           0x00000000        0x0 .\CortexM0\ARM_GCC_473\Debug\PWM_LED_Fade.a(cyfitter_cfg.o)
 .text.CYCONFIGCPY
                0x00000000       0x24 .\CortexM0\ARM_GCC_473\Debug\PWM_LED_Fade.a(cyfitter_cfg.o)
 .text.CYCONFIGCPYCODE
                0x00000000       0x24 .\CortexM0\ARM_GCC_473\Debug\PWM_LED_Fade.a(cyfitter_cfg.o)
 .text          0x00000000        0x0 .\CortexM0\ARM_GCC_473\Debug\PWM_LED_Fade.a(TC_ISR.o)
 .data          0x00000000        0x0 .\CortexM0\ARM_GCC_473\Debug\PWM_LED_Fade.a(TC_ISR.o)
 .bss           0x00000000        0x0 .\CortexM0\ARM_GCC_473\Debug\PWM_LED_Fade.a(TC_ISR.o)
 .text.TC_ISR_Start
                0x00000000       0x24 .\CortexM0\ARM_GCC_473\Debug\PWM_LED_Fade.a(TC_ISR.o)
 .text.TC_ISR_Stop
                0x00000000       0x18 .\CortexM0\ARM_GCC_473\Debug\PWM_LED_Fade.a(TC_ISR.o)
 .text.TC_ISR_Interrupt
                0x00000000        0x8 .\CortexM0\ARM_GCC_473\Debug\PWM_LED_Fade.a(TC_ISR.o)
 .text.TC_ISR_GetVector
                0x00000000       0x14 .\CortexM0\ARM_GCC_473\Debug\PWM_LED_Fade.a(TC_ISR.o)
 .text.TC_ISR_GetPriority
                0x00000000       0x2c .\CortexM0\ARM_GCC_473\Debug\PWM_LED_Fade.a(TC_ISR.o)
 .text.TC_ISR_GetState
                0x00000000       0x20 .\CortexM0\ARM_GCC_473\Debug\PWM_LED_Fade.a(TC_ISR.o)
 .text.TC_ISR_SetPending
                0x00000000       0x14 .\CortexM0\ARM_GCC_473\Debug\PWM_LED_Fade.a(TC_ISR.o)
 .text.TC_ISR_ClearPending
                0x00000000       0x14 .\CortexM0\ARM_GCC_473\Debug\PWM_LED_Fade.a(TC_ISR.o)
 .data          0x00000000        0x0 .\CortexM0\ARM_GCC_473\Debug\PWM_LED_Fade.a(CyBootAsmGnu.o)
 .bss           0x00000000        0x0 .\CortexM0\ARM_GCC_473\Debug\PWM_LED_Fade.a(CyBootAsmGnu.o)
 .text          0x00000000        0x0 .\CortexM0\ARM_GCC_473\Debug\PWM_LED_Fade.a(CyLib.o)
 .bss           0x00000000        0x0 .\CortexM0\ARM_GCC_473\Debug\PWM_LED_Fade.a(CyLib.o)
 .text.CySysClkImoStart
                0x00000000       0x1c .\CortexM0\ARM_GCC_473\Debug\PWM_LED_Fade.a(CyLib.o)
 .text.CySysClkImoStop
                0x00000000       0x18 .\CortexM0\ARM_GCC_473\Debug\PWM_LED_Fade.a(CyLib.o)
 .text.CySysClkIloStart
                0x00000000       0x1c .\CortexM0\ARM_GCC_473\Debug\PWM_LED_Fade.a(CyLib.o)
 .text.CySysClkIloStop
                0x00000000       0x18 .\CortexM0\ARM_GCC_473\Debug\PWM_LED_Fade.a(CyLib.o)
 .text.CySysClkWriteHfclkDirect
                0x00000000       0x44 .\CortexM0\ARM_GCC_473\Debug\PWM_LED_Fade.a(CyLib.o)
 .text.CySysClkWriteSysclkDiv
                0x00000000       0x44 .\CortexM0\ARM_GCC_473\Debug\PWM_LED_Fade.a(CyLib.o)
 .text.CySysClkWriteImoFreq
                0x00000000      0x200 .\CortexM0\ARM_GCC_473\Debug\PWM_LED_Fade.a(CyLib.o)
 .text.CySysWdtLock
                0x00000000       0x44 .\CortexM0\ARM_GCC_473\Debug\PWM_LED_Fade.a(CyLib.o)
 .text.CySysWdtUnlock
                0x00000000       0x5c .\CortexM0\ARM_GCC_473\Debug\PWM_LED_Fade.a(CyLib.o)
 .text.CySysWdtReadEnabledStatus
                0x00000000       0x30 .\CortexM0\ARM_GCC_473\Debug\PWM_LED_Fade.a(CyLib.o)
 .text.CySysWdtWriteMode
                0x00000000       0x70 .\CortexM0\ARM_GCC_473\Debug\PWM_LED_Fade.a(CyLib.o)
 .text.CySysWdtReadMode
                0x00000000       0x24 .\CortexM0\ARM_GCC_473\Debug\PWM_LED_Fade.a(CyLib.o)
 .text.CySysWdtWriteClearOnMatch
                0x00000000       0x68 .\CortexM0\ARM_GCC_473\Debug\PWM_LED_Fade.a(CyLib.o)
 .text.CySysWdtReadClearOnMatch
                0x00000000       0x40 .\CortexM0\ARM_GCC_473\Debug\PWM_LED_Fade.a(CyLib.o)
 .text.CySysWdtEnable
                0x00000000       0x30 .\CortexM0\ARM_GCC_473\Debug\PWM_LED_Fade.a(CyLib.o)
 .text.CySysWdtDisable
                0x00000000       0x30 .\CortexM0\ARM_GCC_473\Debug\PWM_LED_Fade.a(CyLib.o)
 .text.CySysWdtWriteCascade
                0x00000000       0x68 .\CortexM0\ARM_GCC_473\Debug\PWM_LED_Fade.a(CyLib.o)
 .text.CySysWdtReadCascade
                0x00000000       0x1c .\CortexM0\ARM_GCC_473\Debug\PWM_LED_Fade.a(CyLib.o)
 .text.CySysWdtWriteMatch
                0x00000000       0x74 .\CortexM0\ARM_GCC_473\Debug\PWM_LED_Fade.a(CyLib.o)
 .text.CySysWdtWriteToggleBit
                0x00000000       0x54 .\CortexM0\ARM_GCC_473\Debug\PWM_LED_Fade.a(CyLib.o)
 .text.CySysWdtReadToggleBit
                0x00000000       0x18 .\CortexM0\ARM_GCC_473\Debug\PWM_LED_Fade.a(CyLib.o)
 .text.CySysWdtReadMatch
                0x00000000       0x44 .\CortexM0\ARM_GCC_473\Debug\PWM_LED_Fade.a(CyLib.o)
 .text.CySysWdtReadCount
                0x00000000       0x54 .\CortexM0\ARM_GCC_473\Debug\PWM_LED_Fade.a(CyLib.o)
 .text.CySysWdtGetInterruptSource
                0x00000000       0x1c .\CortexM0\ARM_GCC_473\Debug\PWM_LED_Fade.a(CyLib.o)
 .text.CySysWdtClearInterrupt
                0x00000000       0xb8 .\CortexM0\ARM_GCC_473\Debug\PWM_LED_Fade.a(CyLib.o)
 .text.CySysWdtResetCounters
                0x00000000       0x38 .\CortexM0\ARM_GCC_473\Debug\PWM_LED_Fade.a(CyLib.o)
 .text.CySysLvdEnable
                0x00000000       0x48 .\CortexM0\ARM_GCC_473\Debug\PWM_LED_Fade.a(CyLib.o)
 .text.CySysLvdDisable
                0x00000000       0x28 .\CortexM0\ARM_GCC_473\Debug\PWM_LED_Fade.a(CyLib.o)
 .text.CySysLvdGetInterruptSource
                0x00000000       0x18 .\CortexM0\ARM_GCC_473\Debug\PWM_LED_Fade.a(CyLib.o)
 .text.CySysLvdClearInterrupt
                0x00000000       0x14 .\CortexM0\ARM_GCC_473\Debug\PWM_LED_Fade.a(CyLib.o)
 .text.CySysGetResetReason
                0x00000000       0x30 .\CortexM0\ARM_GCC_473\Debug\PWM_LED_Fade.a(CyLib.o)
 .text.CyDisableInts
                0x00000000       0x24 .\CortexM0\ARM_GCC_473\Debug\PWM_LED_Fade.a(CyLib.o)
 .text.CyEnableInts
                0x00000000       0x18 .\CortexM0\ARM_GCC_473\Debug\PWM_LED_Fade.a(CyLib.o)
 .text.CyIntSetSysVector
                0x00000000       0x48 .\CortexM0\ARM_GCC_473\Debug\PWM_LED_Fade.a(CyLib.o)
 .text.CyIntGetSysVector
                0x00000000       0x34 .\CortexM0\ARM_GCC_473\Debug\PWM_LED_Fade.a(CyLib.o)
 .text.CyIntSetVector
                0x00000000       0x4c .\CortexM0\ARM_GCC_473\Debug\PWM_LED_Fade.a(CyLib.o)
 .text.CyIntGetVector
                0x00000000       0x38 .\CortexM0\ARM_GCC_473\Debug\PWM_LED_Fade.a(CyLib.o)
 .text.CyIntSetPriority
                0x00000000       0xa8 .\CortexM0\ARM_GCC_473\Debug\PWM_LED_Fade.a(CyLib.o)
 .text.CyIntGetPriority
                0x00000000       0x58 .\CortexM0\ARM_GCC_473\Debug\PWM_LED_Fade.a(CyLib.o)
 .text.CyIntEnable
                0x00000000       0x2c .\CortexM0\ARM_GCC_473\Debug\PWM_LED_Fade.a(CyLib.o)
 .text.CyIntGetState
                0x00000000       0x34 .\CortexM0\ARM_GCC_473\Debug\PWM_LED_Fade.a(CyLib.o)
 .text.CyIntDisable
                0x00000000       0x2c .\CortexM0\ARM_GCC_473\Debug\PWM_LED_Fade.a(CyLib.o)
 .text.CyIntSetPending
                0x00000000       0x2c .\CortexM0\ARM_GCC_473\Debug\PWM_LED_Fade.a(CyLib.o)
 .text.CyIntClearPending
                0x00000000       0x2c .\CortexM0\ARM_GCC_473\Debug\PWM_LED_Fade.a(CyLib.o)
 .text.CyHalt   0x00000000       0x14 .\CortexM0\ARM_GCC_473\Debug\PWM_LED_Fade.a(CyLib.o)
 .text.CySoftwareReset
                0x00000000       0x20 .\CortexM0\ARM_GCC_473\Debug\PWM_LED_Fade.a(CyLib.o)
 .text.CyDelayFreq
                0x00000000       0x80 .\CortexM0\ARM_GCC_473\Debug\PWM_LED_Fade.a(CyLib.o)
 .rodata        0x00000000       0x30 .\CortexM0\ARM_GCC_473\Debug\PWM_LED_Fade.a(CyLib.o)
 .text          0x00000000        0x0 .\CortexM0\ARM_GCC_473\Debug\PWM_LED_Fade.a(PWM.o)
 .data          0x00000000        0x0 .\CortexM0\ARM_GCC_473\Debug\PWM_LED_Fade.a(PWM.o)
 .text.PWM_Stop
                0x00000000       0x30 .\CortexM0\ARM_GCC_473\Debug\PWM_LED_Fade.a(PWM.o)
 .text.PWM_SetMode
                0x00000000       0x48 .\CortexM0\ARM_GCC_473\Debug\PWM_LED_Fade.a(PWM.o)
 .text.PWM_SetQDMode
                0x00000000       0x48 .\CortexM0\ARM_GCC_473\Debug\PWM_LED_Fade.a(PWM.o)
 .text.PWM_SetPrescaler
                0x00000000       0x48 .\CortexM0\ARM_GCC_473\Debug\PWM_LED_Fade.a(PWM.o)
 .text.PWM_SetOneShot
                0x00000000       0x4c .\CortexM0\ARM_GCC_473\Debug\PWM_LED_Fade.a(PWM.o)
 .text.PWM_SetPWMMode
                0x00000000       0x1c .\CortexM0\ARM_GCC_473\Debug\PWM_LED_Fade.a(PWM.o)
 .text.PWM_SetPWMSyncKill
                0x00000000       0x48 .\CortexM0\ARM_GCC_473\Debug\PWM_LED_Fade.a(PWM.o)
 .text.PWM_SetPWMStopOnKill
                0x00000000       0x48 .\CortexM0\ARM_GCC_473\Debug\PWM_LED_Fade.a(PWM.o)
 .text.PWM_SetPWMDeadTime
                0x00000000       0x4c .\CortexM0\ARM_GCC_473\Debug\PWM_LED_Fade.a(PWM.o)
 .text.PWM_SetPWMInvert
                0x00000000       0x48 .\CortexM0\ARM_GCC_473\Debug\PWM_LED_Fade.a(PWM.o)
 .text.PWM_WriteCounter
                0x00000000       0x1c .\CortexM0\ARM_GCC_473\Debug\PWM_LED_Fade.a(PWM.o)
 .text.PWM_ReadCounter
                0x00000000       0x18 .\CortexM0\ARM_GCC_473\Debug\PWM_LED_Fade.a(PWM.o)
 .text.PWM_SetCounterMode
                0x00000000       0x48 .\CortexM0\ARM_GCC_473\Debug\PWM_LED_Fade.a(PWM.o)
 .text.PWM_ReadPeriod
                0x00000000       0x18 .\CortexM0\ARM_GCC_473\Debug\PWM_LED_Fade.a(PWM.o)
 .text.PWM_SetCompareSwap
                0x00000000       0x48 .\CortexM0\ARM_GCC_473\Debug\PWM_LED_Fade.a(PWM.o)
 .text.PWM_WritePeriodBuf
                0x00000000       0x1c .\CortexM0\ARM_GCC_473\Debug\PWM_LED_Fade.a(PWM.o)
 .text.PWM_ReadPeriodBuf
                0x00000000       0x18 .\CortexM0\ARM_GCC_473\Debug\PWM_LED_Fade.a(PWM.o)
 .text.PWM_SetPeriodSwap
                0x00000000       0x48 .\CortexM0\ARM_GCC_473\Debug\PWM_LED_Fade.a(PWM.o)
 .text.PWM_WriteCompareBuf
                0x00000000       0x1c .\CortexM0\ARM_GCC_473\Debug\PWM_LED_Fade.a(PWM.o)
 .text.PWM_ReadCompareBuf
                0x00000000       0x18 .\CortexM0\ARM_GCC_473\Debug\PWM_LED_Fade.a(PWM.o)
 .text.PWM_ReadCapture
                0x00000000       0x18 .\CortexM0\ARM_GCC_473\Debug\PWM_LED_Fade.a(PWM.o)
 .text.PWM_ReadCaptureBuf
                0x00000000       0x18 .\CortexM0\ARM_GCC_473\Debug\PWM_LED_Fade.a(PWM.o)
 .text.PWM_SetCaptureMode
                0x00000000       0x44 .\CortexM0\ARM_GCC_473\Debug\PWM_LED_Fade.a(PWM.o)
 .text.PWM_SetReloadMode
                0x00000000       0x44 .\CortexM0\ARM_GCC_473\Debug\PWM_LED_Fade.a(PWM.o)
 .text.PWM_SetStartMode
                0x00000000       0x48 .\CortexM0\ARM_GCC_473\Debug\PWM_LED_Fade.a(PWM.o)
 .text.PWM_SetStopMode
                0x00000000       0x44 .\CortexM0\ARM_GCC_473\Debug\PWM_LED_Fade.a(PWM.o)
 .text.PWM_SetCountMode
                0x00000000       0x44 .\CortexM0\ARM_GCC_473\Debug\PWM_LED_Fade.a(PWM.o)
 .text.PWM_ReadStatus
                0x00000000       0x20 .\CortexM0\ARM_GCC_473\Debug\PWM_LED_Fade.a(PWM.o)
 .text.PWM_GetInterruptSourceMasked
                0x00000000       0x14 .\CortexM0\ARM_GCC_473\Debug\PWM_LED_Fade.a(PWM.o)
 .text.PWM_GetInterruptSource
                0x00000000       0x14 .\CortexM0\ARM_GCC_473\Debug\PWM_LED_Fade.a(PWM.o)
 .text.PWM_SetInterrupt
                0x00000000       0x18 .\CortexM0\ARM_GCC_473\Debug\PWM_LED_Fade.a(PWM.o)
 .text          0x00000000       0x9c d:/program files (x86)/cypress/psoc creator/3.0/psoc creator/import/gnu_cs/arm/4.7.3/bin/../lib/gcc/arm-none-eabi/4.7.3/armv6-m\libgcc.a(_udivsi3.o)
 .data          0x00000000        0x0 d:/program files (x86)/cypress/psoc creator/3.0/psoc creator/import/gnu_cs/arm/4.7.3/bin/../lib/gcc/arm-none-eabi/4.7.3/armv6-m\libgcc.a(_udivsi3.o)
 .bss           0x00000000        0x0 d:/program files (x86)/cypress/psoc creator/3.0/psoc creator/import/gnu_cs/arm/4.7.3/bin/../lib/gcc/arm-none-eabi/4.7.3/armv6-m\libgcc.a(_udivsi3.o)
 .text          0x00000000       0xc0 d:/program files (x86)/cypress/psoc creator/3.0/psoc creator/import/gnu_cs/arm/4.7.3/bin/../lib/gcc/arm-none-eabi/4.7.3/armv6-m\libgcc.a(_divsi3.o)
 .data          0x00000000        0x0 d:/program files (x86)/cypress/psoc creator/3.0/psoc creator/import/gnu_cs/arm/4.7.3/bin/../lib/gcc/arm-none-eabi/4.7.3/armv6-m\libgcc.a(_divsi3.o)
 .bss           0x00000000        0x0 d:/program files (x86)/cypress/psoc creator/3.0/psoc creator/import/gnu_cs/arm/4.7.3/bin/../lib/gcc/arm-none-eabi/4.7.3/armv6-m\libgcc.a(_divsi3.o)
 .text          0x00000000        0x4 d:/program files (x86)/cypress/psoc creator/3.0/psoc creator/import/gnu_cs/arm/4.7.3/bin/../lib/gcc/arm-none-eabi/4.7.3/armv6-m\libgcc.a(_dvmd_tls.o)
 .data          0x00000000        0x0 d:/program files (x86)/cypress/psoc creator/3.0/psoc creator/import/gnu_cs/arm/4.7.3/bin/../lib/gcc/arm-none-eabi/4.7.3/armv6-m\libgcc.a(_dvmd_tls.o)
 .bss           0x00000000        0x0 d:/program files (x86)/cypress/psoc creator/3.0/psoc creator/import/gnu_cs/arm/4.7.3/bin/../lib/gcc/arm-none-eabi/4.7.3/armv6-m\libgcc.a(_dvmd_tls.o)
 .text          0x00000000        0x0 d:/program files (x86)/cypress/psoc creator/3.0/psoc creator/import/gnu_cs/arm/4.7.3/bin/../lib/gcc/arm-none-eabi/4.7.3/../../../../arm-none-eabi/lib/armv6-m\libc_s.a(lib_a-__atexit2.o)
 .data          0x00000000        0x0 d:/program files (x86)/cypress/psoc creator/3.0/psoc creator/import/gnu_cs/arm/4.7.3/bin/../lib/gcc/arm-none-eabi/4.7.3/../../../../arm-none-eabi/lib/armv6-m\libc_s.a(lib_a-__atexit2.o)
 .bss           0x00000000        0x0 d:/program files (x86)/cypress/psoc creator/3.0/psoc creator/import/gnu_cs/arm/4.7.3/bin/../lib/gcc/arm-none-eabi/4.7.3/../../../../arm-none-eabi/lib/armv6-m\libc_s.a(lib_a-__atexit2.o)
 .text.__register_exitproc
                0x00000000       0x18 d:/program files (x86)/cypress/psoc creator/3.0/psoc creator/import/gnu_cs/arm/4.7.3/bin/../lib/gcc/arm-none-eabi/4.7.3/../../../../arm-none-eabi/lib/armv6-m\libc_s.a(lib_a-__atexit2.o)
 .text          0x00000000        0x0 d:/program files (x86)/cypress/psoc creator/3.0/psoc creator/import/gnu_cs/arm/4.7.3/bin/../lib/gcc/arm-none-eabi/4.7.3/../../../../arm-none-eabi/lib/armv6-m\libc_s.a(lib_a-exit.o)
 .data          0x00000000        0x0 d:/program files (x86)/cypress/psoc creator/3.0/psoc creator/import/gnu_cs/arm/4.7.3/bin/../lib/gcc/arm-none-eabi/4.7.3/../../../../arm-none-eabi/lib/armv6-m\libc_s.a(lib_a-exit.o)
 .bss           0x00000000        0x0 d:/program files (x86)/cypress/psoc creator/3.0/psoc creator/import/gnu_cs/arm/4.7.3/bin/../lib/gcc/arm-none-eabi/4.7.3/../../../../arm-none-eabi/lib/armv6-m\libc_s.a(lib_a-exit.o)
 .text.exit     0x00000000       0x30 d:/program files (x86)/cypress/psoc creator/3.0/psoc creator/import/gnu_cs/arm/4.7.3/bin/../lib/gcc/arm-none-eabi/4.7.3/../../../../arm-none-eabi/lib/armv6-m\libc_s.a(lib_a-exit.o)
 .text          0x00000000        0x0 d:/program files (x86)/cypress/psoc creator/3.0/psoc creator/import/gnu_cs/arm/4.7.3/bin/../lib/gcc/arm-none-eabi/4.7.3/../../../../arm-none-eabi/lib/armv6-m\libc_s.a(lib_a-fini.o)
 .data          0x00000000        0x0 d:/program files (x86)/cypress/psoc creator/3.0/psoc creator/import/gnu_cs/arm/4.7.3/bin/../lib/gcc/arm-none-eabi/4.7.3/../../../../arm-none-eabi/lib/armv6-m\libc_s.a(lib_a-fini.o)
 .bss           0x00000000        0x0 d:/program files (x86)/cypress/psoc creator/3.0/psoc creator/import/gnu_cs/arm/4.7.3/bin/../lib/gcc/arm-none-eabi/4.7.3/../../../../arm-none-eabi/lib/armv6-m\libc_s.a(lib_a-fini.o)
 .text.__libc_fini_array
                0x00000000       0x2c d:/program files (x86)/cypress/psoc creator/3.0/psoc creator/import/gnu_cs/arm/4.7.3/bin/../lib/gcc/arm-none-eabi/4.7.3/../../../../arm-none-eabi/lib/armv6-m\libc_s.a(lib_a-fini.o)
 .text          0x00000000        0x0 d:/program files (x86)/cypress/psoc creator/3.0/psoc creator/import/gnu_cs/arm/4.7.3/bin/../lib/gcc/arm-none-eabi/4.7.3/../../../../arm-none-eabi/lib/armv6-m\libc_s.a(lib_a-impure.o)
 .data          0x00000000        0x0 d:/program files (x86)/cypress/psoc creator/3.0/psoc creator/import/gnu_cs/arm/4.7.3/bin/../lib/gcc/arm-none-eabi/4.7.3/../../../../arm-none-eabi/lib/armv6-m\libc_s.a(lib_a-impure.o)
 .bss           0x00000000        0x0 d:/program files (x86)/cypress/psoc creator/3.0/psoc creator/import/gnu_cs/arm/4.7.3/bin/../lib/gcc/arm-none-eabi/4.7.3/../../../../arm-none-eabi/lib/armv6-m\libc_s.a(lib_a-impure.o)
 .data.impure_data
                0x00000000       0x64 d:/program files (x86)/cypress/psoc creator/3.0/psoc creator/import/gnu_cs/arm/4.7.3/bin/../lib/gcc/arm-none-eabi/4.7.3/../../../../arm-none-eabi/lib/armv6-m\libc_s.a(lib_a-impure.o)
 .data._impure_ptr
                0x00000000        0x4 d:/program files (x86)/cypress/psoc creator/3.0/psoc creator/import/gnu_cs/arm/4.7.3/bin/../lib/gcc/arm-none-eabi/4.7.3/../../../../arm-none-eabi/lib/armv6-m\libc_s.a(lib_a-impure.o)
 .rodata.str1.1
                0x00000000        0x2 d:/program files (x86)/cypress/psoc creator/3.0/psoc creator/import/gnu_cs/arm/4.7.3/bin/../lib/gcc/arm-none-eabi/4.7.3/../../../../arm-none-eabi/lib/armv6-m\libc_s.a(lib_a-impure.o)
 .rodata._global_impure_ptr
                0x00000000        0x4 d:/program files (x86)/cypress/psoc creator/3.0/psoc creator/import/gnu_cs/arm/4.7.3/bin/../lib/gcc/arm-none-eabi/4.7.3/../../../../arm-none-eabi/lib/armv6-m\libc_s.a(lib_a-impure.o)
 .text          0x00000000        0x0 d:/program files (x86)/cypress/psoc creator/3.0/psoc creator/import/gnu_cs/arm/4.7.3/bin/../lib/gcc/arm-none-eabi/4.7.3/../../../../arm-none-eabi/lib/armv6-m\libc_s.a(lib_a-init.o)
 .data          0x00000000        0x0 d:/program files (x86)/cypress/psoc creator/3.0/psoc creator/import/gnu_cs/arm/4.7.3/bin/../lib/gcc/arm-none-eabi/4.7.3/../../../../arm-none-eabi/lib/armv6-m\libc_s.a(lib_a-init.o)
 .bss           0x00000000        0x0 d:/program files (x86)/cypress/psoc creator/3.0/psoc creator/import/gnu_cs/arm/4.7.3/bin/../lib/gcc/arm-none-eabi/4.7.3/../../../../arm-none-eabi/lib/armv6-m\libc_s.a(lib_a-init.o)
 .text          0x00000000        0x0 d:/program files (x86)/cypress/psoc creator/3.0/psoc creator/import/gnu_cs/arm/4.7.3/bin/../lib/gcc/arm-none-eabi/4.7.3/../../../../arm-none-eabi/lib/armv6-m\libc_s.a(lib_a-memcpy.o)
 .data          0x00000000        0x0 d:/program files (x86)/cypress/psoc creator/3.0/psoc creator/import/gnu_cs/arm/4.7.3/bin/../lib/gcc/arm-none-eabi/4.7.3/../../../../arm-none-eabi/lib/armv6-m\libc_s.a(lib_a-memcpy.o)
 .bss           0x00000000        0x0 d:/program files (x86)/cypress/psoc creator/3.0/psoc creator/import/gnu_cs/arm/4.7.3/bin/../lib/gcc/arm-none-eabi/4.7.3/../../../../arm-none-eabi/lib/armv6-m\libc_s.a(lib_a-memcpy.o)
 .text.memcpy   0x00000000       0x12 d:/program files (x86)/cypress/psoc creator/3.0/psoc creator/import/gnu_cs/arm/4.7.3/bin/../lib/gcc/arm-none-eabi/4.7.3/../../../../arm-none-eabi/lib/armv6-m\libc_s.a(lib_a-memcpy.o)
 .text          0x00000000        0x0 d:/program files (x86)/cypress/psoc creator/3.0/psoc creator/import/gnu_cs/arm/4.7.3/bin/../lib/gcc/arm-none-eabi/4.7.3/../../../../arm-none-eabi/lib/armv6-m\libc_s.a(lib_a-memset.o)
 .data          0x00000000        0x0 d:/program files (x86)/cypress/psoc creator/3.0/psoc creator/import/gnu_cs/arm/4.7.3/bin/../lib/gcc/arm-none-eabi/4.7.3/../../../../arm-none-eabi/lib/armv6-m\libc_s.a(lib_a-memset.o)
 .bss           0x00000000        0x0 d:/program files (x86)/cypress/psoc creator/3.0/psoc creator/import/gnu_cs/arm/4.7.3/bin/../lib/gcc/arm-none-eabi/4.7.3/../../../../arm-none-eabi/lib/armv6-m\libc_s.a(lib_a-memset.o)
 .text          0x00000000        0x0 d:/program files (x86)/cypress/psoc creator/3.0/psoc creator/import/gnu_cs/arm/4.7.3/bin/../lib/gcc/arm-none-eabi/4.7.3/armv6-m/crtend.o
 .data          0x00000000        0x0 d:/program files (x86)/cypress/psoc creator/3.0/psoc creator/import/gnu_cs/arm/4.7.3/bin/../lib/gcc/arm-none-eabi/4.7.3/armv6-m/crtend.o
 .bss           0x00000000        0x0 d:/program files (x86)/cypress/psoc creator/3.0/psoc creator/import/gnu_cs/arm/4.7.3/bin/../lib/gcc/arm-none-eabi/4.7.3/armv6-m/crtend.o
 .text          0x00000000        0x0 d:/program files (x86)/cypress/psoc creator/3.0/psoc creator/import/gnu_cs/arm/4.7.3/bin/../lib/gcc/arm-none-eabi/4.7.3/armv6-m/crtn.o
 .data          0x00000000        0x0 d:/program files (x86)/cypress/psoc creator/3.0/psoc creator/import/gnu_cs/arm/4.7.3/bin/../lib/gcc/arm-none-eabi/4.7.3/armv6-m/crtn.o
 .bss           0x00000000        0x0 d:/program files (x86)/cypress/psoc creator/3.0/psoc creator/import/gnu_cs/arm/4.7.3/bin/../lib/gcc/arm-none-eabi/4.7.3/armv6-m/crtn.o

Memory Configuration

Name             Origin             Length             Attributes
rom              0x00000000         0x00008000         xr
ram              0x20000000         0x00001000         xrw
*default*        0x00000000         0xffffffff

Linker script and memory map

LOAD d:/program files (x86)/cypress/psoc creator/3.0/psoc creator/import/gnu_cs/arm/4.7.3/bin/../lib/gcc/arm-none-eabi/4.7.3/armv6-m/crti.o
LOAD d:/program files (x86)/cypress/psoc creator/3.0/psoc creator/import/gnu_cs/arm/4.7.3/bin/../lib/gcc/arm-none-eabi/4.7.3/armv6-m/crtbegin.o
LOAD d:/program files (x86)/cypress/psoc creator/3.0/psoc creator/import/gnu_cs/arm/4.7.3/bin/../lib/gcc/arm-none-eabi/4.7.3/../../../../arm-none-eabi/lib/armv6-m/crt0.o
START GROUP
LOAD .\CortexM0\ARM_GCC_473\Debug\main.o
LOAD .\CortexM0\ARM_GCC_473\Debug\cybootloader.o
LOAD .\CortexM0\ARM_GCC_473\Debug\cymetadata.o
LOAD .\CortexM0\ARM_GCC_473\Debug\Cm0Start.o
LOAD .\CortexM0\ARM_GCC_473\Debug\PWM_LED_Fade.a
LOAD D:\Program Files (x86)\Cypress\PSoC Creator\3.0\PSoC Creator\psoc\content\cycomponentlibrary\CyComponentLibrary.cylib\CortexM0\ARM_GCC_473\Debug\CyComponentLibrary.a
END GROUP
START GROUP
LOAD d:/program files (x86)/cypress/psoc creator/3.0/psoc creator/import/gnu_cs/arm/4.7.3/bin/../lib/gcc/arm-none-eabi/4.7.3/armv6-m\libgcc.a
LOAD d:/program files (x86)/cypress/psoc creator/3.0/psoc creator/import/gnu_cs/arm/4.7.3/bin/../lib/gcc/arm-none-eabi/4.7.3/../../../../arm-none-eabi/lib/armv6-m\libc_s.a
END GROUP
LOAD d:/program files (x86)/cypress/psoc creator/3.0/psoc creator/import/gnu_cs/arm/4.7.3/bin/../lib/gcc/arm-none-eabi/4.7.3/armv6-m/crtend.o
LOAD d:/program files (x86)/cypress/psoc creator/3.0/psoc creator/import/gnu_cs/arm/4.7.3/bin/../lib/gcc/arm-none-eabi/4.7.3/armv6-m/crtn.o
START GROUP
LOAD d:/program files (x86)/cypress/psoc creator/3.0/psoc creator/import/gnu_cs/arm/4.7.3/bin/../lib/gcc/arm-none-eabi/4.7.3/armv6-m\libgcc.a
LOAD d:/program files (x86)/cypress/psoc creator/3.0/psoc creator/import/gnu_cs/arm/4.7.3/bin/../lib/gcc/arm-none-eabi/4.7.3/../../../../arm-none-eabi/lib/armv6-m\libc.a
LOAD d:/program files (x86)/cypress/psoc creator/3.0/psoc creator/import/gnu_cs/arm/4.7.3/bin/../lib/gcc/arm-none-eabi/4.7.3/../../../../arm-none-eabi/lib/armv6-m\libnosys.a
END GROUP
                0x00000000                CY_APPL_ORIGIN = 0x0
                0x00000080                CY_FLASH_ROW_SIZE = 0x80
                0x00000001                CY_APPL_NUM = 0x1
                0x00000040                CY_METADATA_SIZE = 0x40
                0x20000108                PROVIDE (__cy_heap_start, _end)
                0x00000001                PROVIDE (__cy_region_num, ((__cy_regions_end - __cy_regions) / 0x10))
                0x20001000                PROVIDE (__cy_stack, (ORIGIN (ram) + 0x1000))
                0x20000c00                PROVIDE (__cy_heap_end, (__cy_stack - 0x400))

.cybootloader   0x00000000      0xf00
 *(.cybootloader)
 .cybootloader  0x00000000      0xf00 .\CortexM0\ARM_GCC_473\Debug\cybootloader.o
                0x00000000                cy_bootloader
                0x00000f00                appl1_start = CY_APPL_ORIGIN?CY_APPL_ORIGIN:ALIGN (CY_FLASH_ROW_SIZE)
                0x00004700                appl2_start = (appl1_start + ALIGN ((((0x8000 - appl1_start) - (0x2 * CY_FLASH_ROW_SIZE)) / 0x2), CY_FLASH_ROW_SIZE))
                0x00000f00                appl_start = (CY_APPL_NUM == 0x1)?appl1_start:appl2_start

.text           0x00000f00      0x7e6
 CREATE_OBJECT_SYMBOLS
                0x00000f00                PROVIDE (__cy_interrupt_vector, RomVectors)
 *(.romvectors)
 .romvectors    0x00000f00       0x10 .\CortexM0\ARM_GCC_473\Debug\Cm0Start.o
                0x00000f00                RomVectors
                0x00000001                ASSERT ((. != __cy_interrupt_vector), No interrupt vector)
                0x00000001                ASSERT (CY_APPL_ORIGIN?(SIZEOF (.cybootloader) <= CY_APPL_ORIGIN):0x1, Wrong image location)
                0x00000f10                PROVIDE (__cy_reset, Reset)
 *(.text.Reset)
 .text.Reset    0x00000f10       0x14 .\CortexM0\ARM_GCC_473\Debug\Cm0Start.o
                0x00000f10                Reset
                0x00000001                ASSERT ((. != __cy_reset), No reset code)
 *(.psocinit)
 .psocinit      0x00000f24      0x240 .\CortexM0\ARM_GCC_473\Debug\PWM_LED_Fade.a(cyfitter_cfg.o)
                0x0000105c                cyfitter_cfg
                0x00001164                . = MAX (., 0x100)
 *(.text .text.* .gnu.linkonce.t.*)
 .text          0x00001164       0x60 d:/program files (x86)/cypress/psoc creator/3.0/psoc creator/import/gnu_cs/arm/4.7.3/bin/../lib/gcc/arm-none-eabi/4.7.3/armv6-m/crtbegin.o
 .text.InterruptHandler
                0x000011c4       0x1c .\CortexM0\ARM_GCC_473\Debug\main.o
                0x000011c4                InterruptHandler
 .text.main     0x000011e0       0x2c .\CortexM0\ARM_GCC_473\Debug\main.o
                0x000011e0                main
 .text.IntDefaultHandler
                0x0000120c        0x8 .\CortexM0\ARM_GCC_473\Debug\Cm0Start.o
                0x0000120c                IntDefaultHandler
 .text.Start_c  0x00001214       0xa4 .\CortexM0\ARM_GCC_473\Debug\Cm0Start.o
                0x00001214                Start_c
 .text.initialize_psoc
                0x000012b8       0x74 .\CortexM0\ARM_GCC_473\Debug\Cm0Start.o
                0x000012b8                initialize_psoc
 .text.CYMEMZERO
                0x0000132c       0x20 .\CortexM0\ARM_GCC_473\Debug\PWM_LED_Fade.a(cyfitter_cfg.o)
 .text.cfg_write_bytes32
                0x0000134c       0x80 .\CortexM0\ARM_GCC_473\Debug\PWM_LED_Fade.a(cyfitter_cfg.o)
 .text.AnalogSetDefault
                0x000013cc        0x8 .\CortexM0\ARM_GCC_473\Debug\PWM_LED_Fade.a(cyfitter_cfg.o)
 .text.TC_ISR_StartEx
                0x000013d4       0x24 .\CortexM0\ARM_GCC_473\Debug\PWM_LED_Fade.a(TC_ISR.o)
                0x000013d4                TC_ISR_StartEx
 .text.TC_ISR_SetVector
                0x000013f8       0x1c .\CortexM0\ARM_GCC_473\Debug\PWM_LED_Fade.a(TC_ISR.o)
                0x000013f8                TC_ISR_SetVector
 .text.TC_ISR_SetPriority
                0x00001414       0x50 .\CortexM0\ARM_GCC_473\Debug\PWM_LED_Fade.a(TC_ISR.o)
                0x00001414                TC_ISR_SetPriority
 .text.TC_ISR_Enable
                0x00001464       0x14 .\CortexM0\ARM_GCC_473\Debug\PWM_LED_Fade.a(TC_ISR.o)
                0x00001464                TC_ISR_Enable
 .text.TC_ISR_Disable
                0x00001478       0x14 .\CortexM0\ARM_GCC_473\Debug\PWM_LED_Fade.a(TC_ISR.o)
                0x00001478                TC_ISR_Disable
 *fill*         0x0000148c        0x4 00
 .text          0x00001490       0x20 .\CortexM0\ARM_GCC_473\Debug\PWM_LED_Fade.a(CyBootAsmGnu.o)
                0x00001490                CyDelayCycles
                0x000014a2                CyEnterCriticalSection
                0x000014aa                CyExitCriticalSection
 .text.CyDelay  0x000014b0       0x48 .\CortexM0\ARM_GCC_473\Debug\PWM_LED_Fade.a(CyLib.o)
                0x000014b0                CyDelay
 .text.CyDelayUs
                0x000014f8       0x28 .\CortexM0\ARM_GCC_473\Debug\PWM_LED_Fade.a(CyLib.o)
                0x000014f8                CyDelayUs
 .text.PWM_Init
                0x00001520       0x50 .\CortexM0\ARM_GCC_473\Debug\PWM_LED_Fade.a(PWM.o)
                0x00001520                PWM_Init
 .text.PWM_Enable
                0x00001570       0x38 .\CortexM0\ARM_GCC_473\Debug\PWM_LED_Fade.a(PWM.o)
                0x00001570                PWM_Enable
 .text.PWM_Start
                0x000015a8       0x24 .\CortexM0\ARM_GCC_473\Debug\PWM_LED_Fade.a(PWM.o)
                0x000015a8                PWM_Start
 .text.PWM_WritePeriod
                0x000015cc       0x1c .\CortexM0\ARM_GCC_473\Debug\PWM_LED_Fade.a(PWM.o)
                0x000015cc                PWM_WritePeriod
 .text.PWM_WriteCompare
                0x000015e8       0x1c .\CortexM0\ARM_GCC_473\Debug\PWM_LED_Fade.a(PWM.o)
                0x000015e8                PWM_WriteCompare
 .text.PWM_ReadCompare
                0x00001604       0x18 .\CortexM0\ARM_GCC_473\Debug\PWM_LED_Fade.a(PWM.o)
                0x00001604                PWM_ReadCompare
 .text.PWM_TriggerCommand
                0x0000161c       0x3c .\CortexM0\ARM_GCC_473\Debug\PWM_LED_Fade.a(PWM.o)
                0x0000161c                PWM_TriggerCommand
 .text.PWM_SetInterruptMode
                0x00001658       0x18 .\CortexM0\ARM_GCC_473\Debug\PWM_LED_Fade.a(PWM.o)
                0x00001658                PWM_SetInterruptMode
 .text.PWM_ClearInterrupt
                0x00001670       0x18 .\CortexM0\ARM_GCC_473\Debug\PWM_LED_Fade.a(PWM.o)
                0x00001670                PWM_ClearInterrupt
 .text.__libc_init_array
                0x00001688       0x4c d:/program files (x86)/cypress/psoc creator/3.0/psoc creator/import/gnu_cs/arm/4.7.3/bin/../lib/gcc/arm-none-eabi/4.7.3/../../../../arm-none-eabi/lib/armv6-m\libc_s.a(lib_a-init.o)
                0x00001688                __libc_init_array
 .text.memset   0x000016d4       0x12 d:/program files (x86)/cypress/psoc creator/3.0/psoc creator/import/gnu_cs/arm/4.7.3/bin/../lib/gcc/arm-none-eabi/4.7.3/../../../../arm-none-eabi/lib/armv6-m\libc_s.a(lib_a-memset.o)
                0x000016d4                memset
 *(.plt)
 *(.gnu.warning)
 *(.glue_7t)
 .glue_7t       0x00000000        0x0 linker stubs
 *(.glue_7)
 .glue_7        0x00000000        0x0 linker stubs
 *(.vfp11_veneer)
 .vfp11_veneer  0x00000000        0x0 linker stubs
 *(.bootloader)
 *(.ARM.extab* .gnu.linkonce.armextab.*)
 *(.gcc_except_table)

.v4_bx          0x000016e8        0x0
 .v4_bx         0x00000000        0x0 linker stubs

.iplt           0x000016e8        0x0
 .iplt          0x00000000        0x0 d:/program files (x86)/cypress/psoc creator/3.0/psoc creator/import/gnu_cs/arm/4.7.3/bin/../lib/gcc/arm-none-eabi/4.7.3/armv6-m/crtbegin.o

.eh_frame_hdr
 *(.eh_frame_hdr)

.eh_frame       0x000016e8        0x4
 *(.eh_frame)
 .eh_frame      0x000016e8        0x0 d:/program files (x86)/cypress/psoc creator/3.0/psoc creator/import/gnu_cs/arm/4.7.3/bin/../lib/gcc/arm-none-eabi/4.7.3/armv6-m/crtbegin.o
 .eh_frame      0x000016e8        0x4 d:/program files (x86)/cypress/psoc creator/3.0/psoc creator/import/gnu_cs/arm/4.7.3/bin/../lib/gcc/arm-none-eabi/4.7.3/armv6-m/crtend.o
                0x000016ec                PROVIDE (__exidx_start, .)

.ARM.exidx
 *(.ARM.exidx* .gnu.linkonce.armexidx.*)
                0x000016ec                __exidx_end = .

.rodata         0x000016ec       0x64
 *(.rodata .rodata.* .gnu.linkonce.r.*)
 .rodata        0x000016ec       0x2c .\CortexM0\ARM_GCC_473\Debug\PWM_LED_Fade.a(cyfitter_cfg.o)
                0x00001718                . = ALIGN (0x4)
 *(.init)
 .init          0x00001718        0x4 d:/program files (x86)/cypress/psoc creator/3.0/psoc creator/import/gnu_cs/arm/4.7.3/bin/../lib/gcc/arm-none-eabi/4.7.3/armv6-m/crti.o
                0x00001718                _init
 .init          0x0000171c        0x8 d:/program files (x86)/cypress/psoc creator/3.0/psoc creator/import/gnu_cs/arm/4.7.3/bin/../lib/gcc/arm-none-eabi/4.7.3/armv6-m/crtn.o
                0x00001724                . = ALIGN (0x4)
                0x00001724                __preinit_array_start = .
 *(.preinit_array)
                0x00001724                __preinit_array_end = .
                0x00001724                . = ALIGN (0x4)
                0x00001724                __init_array_start = .
 *(SORT(.init_array.*))
 *(.init_array)
 .init_array    0x00001724        0x4 d:/program files (x86)/cypress/psoc creator/3.0/psoc creator/import/gnu_cs/arm/4.7.3/bin/../lib/gcc/arm-none-eabi/4.7.3/armv6-m/crtbegin.o
 .init_array    0x00001728        0x4 .\CortexM0\ARM_GCC_473\Debug\Cm0Start.o
                0x0000172c                __init_array_end = .
                0x0000172c                . = ALIGN (0x4)
 *(.fini)
 .fini          0x0000172c        0x4 d:/program files (x86)/cypress/psoc creator/3.0/psoc creator/import/gnu_cs/arm/4.7.3/bin/../lib/gcc/arm-none-eabi/4.7.3/armv6-m/crti.o
                0x0000172c                _fini
 .fini          0x00001730        0x8 d:/program files (x86)/cypress/psoc creator/3.0/psoc creator/import/gnu_cs/arm/4.7.3/bin/../lib/gcc/arm-none-eabi/4.7.3/armv6-m/crtn.o
                0x00001738                . = ALIGN (0x4)
                0x00001738                __fini_array_start = .
 *(.fini_array)
 .fini_array    0x00001738        0x4 d:/program files (x86)/cypress/psoc creator/3.0/psoc creator/import/gnu_cs/arm/4.7.3/bin/../lib/gcc/arm-none-eabi/4.7.3/armv6-m/crtbegin.o
 *(SORT(.fini_array.*))
                0x0000173c                __fini_array_end = .
                0x0000173c                . = ALIGN (0x4)
 *crtbegin.o(.ctors)
 *(EXCLUDE_FILE(*crtend.o) .ctors)
 *(SORT(.ctors.*))
 *crtend.o(.ctors)
                0x0000173c                . = ALIGN (0x4)
 *crtbegin.o(.dtors)
 *(EXCLUDE_FILE(*crtend.o) .dtors)
 *(SORT(.dtors.*))
 *crtend.o(.dtors)
                0x0000173c                . = ALIGN (0x4)
                0x0000173c                __cy_regions = .
                0x0000173c        0x4 LONG 0x1750 __cy_region_init_ram
                0x00001740        0x4 LONG 0x200000d0 __cy_region_start_data
                0x00001744        0x4 LONG 0x18 __cy_region_init_size_ram
                0x00001748        0x4 LONG 0x20 __cy_region_zero_size_ram
                0x0000174c                __cy_regions_end = .
                0x00001750                . = ALIGN (0x8)
 *fill*         0x0000174c        0x4 00
                0x00001750                _etext = .

.ramvectors     0x20000000       0xc0
                0x20000000                __cy_region_start_ram = .
 *(.ramvectors)
 .ramvectors    0x20000000       0xc0 .\CortexM0\ARM_GCC_473\Debug\Cm0Start.o
                0x20000000                CyRamVectors

.btldr_run      0x200000c0        0x4
 *(.bootloaderruntype)
 .bootloaderruntype
                0x200000c0        0x4 .\CortexM0\ARM_GCC_473\Debug\Cm0Start.o
                0x200000c0                cyBtldrRunType

.noinit         0x200000c8        0x4
 *(.noinit)
 .noinit        0x200000c8        0x4 .\CortexM0\ARM_GCC_473\Debug\Cm0Start.o

.data           0x200000d0       0x18 load address 0x00001750
                0x200000d0                __cy_region_start_data = .
 *(.jcr)
 .jcr           0x200000d0        0x0 d:/program files (x86)/cypress/psoc creator/3.0/psoc creator/import/gnu_cs/arm/4.7.3/bin/../lib/gcc/arm-none-eabi/4.7.3/armv6-m/crtbegin.o
 .jcr           0x200000d0        0x4 d:/program files (x86)/cypress/psoc creator/3.0/psoc creator/import/gnu_cs/arm/4.7.3/bin/../lib/gcc/arm-none-eabi/4.7.3/armv6-m/crtend.o
 *(.got.plt)
 *(.got)
 *(.shdata)
 *(.data .data.* .gnu.linkonce.d.*)
 .data          0x200000d4        0x4 .\CortexM0\ARM_GCC_473\Debug\PWM_LED_Fade.a(cyfitter_cfg.o)
 .data          0x200000d8       0x10 .\CortexM0\ARM_GCC_473\Debug\PWM_LED_Fade.a(CyLib.o)
                0x200000d8                cydelayFreqHz
                0x200000dc                cydelayFreqKhz
                0x200000e0                cydelayFreqMhz
                0x200000e4                cydelay32kMs
                0x200000e8                . = ALIGN (0x8)
 *(.ram)
                0x200000e8                _edata = .

.igot.plt       0x200000e8        0x0 load address 0x00001768
 .igot.plt      0x00000000        0x0 d:/program files (x86)/cypress/psoc creator/3.0/psoc creator/import/gnu_cs/arm/4.7.3/bin/../lib/gcc/arm-none-eabi/4.7.3/armv6-m/crtbegin.o

.bss            0x200000e8       0x20 load address 0x00001768
                0x200000e8                PROVIDE (__bss_start__, .)
 *(.shbss)
 *(.bss .bss.* .gnu.linkonce.b.*)
 .bss           0x200000e8       0x1c d:/program files (x86)/cypress/psoc creator/3.0/psoc creator/import/gnu_cs/arm/4.7.3/bin/../lib/gcc/arm-none-eabi/4.7.3/armv6-m/crtbegin.o
 .bss           0x20000104        0x1 .\CortexM0\ARM_GCC_473\Debug\PWM_LED_Fade.a(PWM.o)
                0x20000104                PWM_initVar
 *(COMMON)
                0x20000108                . = ALIGN (0x8)
 *fill*         0x20000105        0x3 00
 *(.ram.b)
                0x20000108                _end = .
                0x20000108                __end = .
                0x20000108                PROVIDE (end, .)
                0x20000108                PROVIDE (__bss_end__, .)
                0x00001750                __cy_region_init_ram = LOADADDR (.data)
                0x00000018                __cy_region_init_size_ram = (_edata - ADDR (.data))
                0x00000020                __cy_region_zero_size_ram = (_end - _edata)

.heap           0x20000108      0x100 load address 0x00001768
                0x20000108                . = _end
                0x20000208                . = (. + 0x100)
 *fill*         0x20000108      0x100 00
                0x20000208                __cy_heap_limit = .

.stack          0x20000c00      0x400
                0x20000c00                __cy_stack_limit = .
                0x20001000                . = (. + 0x400)
 *fill*         0x20000c00      0x400 00
                0x00000001                ASSERT ((__cy_stack_limit >= __cy_heap_limit), region RAM overflowed with stack)

.cyloadermeta   0xf0000000       0x40
 *(.cyloadermeta)
 .cyloadermeta  0xf0000000       0x40 .\CortexM0\ARM_GCC_473\Debug\cybootloader.o
                0xf0000000                cy_meta_loader

.cyloadablemeta
                0x00007fc0       0x40
 *(.cyloadablemeta)
 .cyloadablemeta
                0x00007fc0       0x40 .\CortexM0\ARM_GCC_473\Debug\cymetadata.o
                0x00007fc0                cy_meta_loadable

.cyflashprotect
                0x90400000       0x20
 *(.cyflashprotect)
 .cyflashprotect
                0x90400000       0x20 .\CortexM0\ARM_GCC_473\Debug\cybootloader.o
                0x90400000                cy_meta_flashprotect

.cymeta         0x90500000        0xc
 *(.cymeta)
 .cymeta        0x90500000        0xc .\CortexM0\ARM_GCC_473\Debug\cybootloader.o
                0x90500000                cy_metadata

.cychipprotect  0x90600000        0x4
 *(.cychipprotect)
 .cychipprotect
                0x90600000        0x4 .\CortexM0\ARM_GCC_473\Debug\cybootloader.o
                0x90600000                cy_meta_chipprotect

.rel.dyn        0x00008000        0x0 load address 0x90600004
 .rel.iplt      0x00000000        0x0 d:/program files (x86)/cypress/psoc creator/3.0/psoc creator/import/gnu_cs/arm/4.7.3/bin/../lib/gcc/arm-none-eabi/4.7.3/armv6-m/crtbegin.o

.stab
 *(.stab)

.stabstr
 *(.stabstr)

.debug
 *(.debug)

.line
 *(.line)

.debug_srcinfo
 *(.debug_srcinfo)

.debug_sfnames
 *(.debug_sfnames)

.debug_aranges  0x00000000      0x488
 *(.debug_aranges)
 .debug_aranges
                0x00000000       0x28 .\CortexM0\ARM_GCC_473\Debug\main.o
 .debug_aranges
                0x00000028       0x18 .\CortexM0\ARM_GCC_473\Debug\cybootloader.o
 .debug_aranges
                0x00000040       0x18 .\CortexM0\ARM_GCC_473\Debug\cymetadata.o
 .debug_aranges
                0x00000058       0x40 .\CortexM0\ARM_GCC_473\Debug\Cm0Start.o
 .debug_aranges
                0x00000098       0x58 .\CortexM0\ARM_GCC_473\Debug\PWM_LED_Fade.a(cyfitter_cfg.o)
 .debug_aranges
                0x000000f0       0x80 .\CortexM0\ARM_GCC_473\Debug\PWM_LED_Fade.a(TC_ISR.o)
 .debug_aranges
                0x00000170       0x20 .\CortexM0\ARM_GCC_473\Debug\PWM_LED_Fade.a(CyBootAsmGnu.o)
 .debug_aranges
                0x00000190      0x1a0 .\CortexM0\ARM_GCC_473\Debug\PWM_LED_Fade.a(CyLib.o)
 .debug_aranges
                0x00000330      0x158 .\CortexM0\ARM_GCC_473\Debug\PWM_LED_Fade.a(PWM.o)

.debug_pubnames
 *(.debug_pubnames)

.debug_info     0x00000000     0x1fc8
 *(.debug_info .gnu.linkonce.wi.*)
 .debug_info    0x00000000       0xe3 .\CortexM0\ARM_GCC_473\Debug\main.o
 .debug_info    0x000000e3      0x152 .\CortexM0\ARM_GCC_473\Debug\cybootloader.o
 .debug_info    0x00000235       0xb2 .\CortexM0\ARM_GCC_473\Debug\cymetadata.o
 .debug_info    0x000002e7      0x2d2 .\CortexM0\ARM_GCC_473\Debug\Cm0Start.o
 .debug_info    0x000005b9      0x475 .\CortexM0\ARM_GCC_473\Debug\PWM_LED_Fade.a(cyfitter_cfg.o)
 .debug_info    0x00000a2e      0x288 .\CortexM0\ARM_GCC_473\Debug\PWM_LED_Fade.a(TC_ISR.o)
 .debug_info    0x00000cb6       0x8f .\CortexM0\ARM_GCC_473\Debug\PWM_LED_Fade.a(CyBootAsmGnu.o)
 .debug_info    0x00000d45      0xac5 .\CortexM0\ARM_GCC_473\Debug\PWM_LED_Fade.a(CyLib.o)
 .debug_info    0x0000180a      0x7be .\CortexM0\ARM_GCC_473\Debug\PWM_LED_Fade.a(PWM.o)

.debug_abbrev   0x00000000      0x86d
 *(.debug_abbrev)
 .debug_abbrev  0x00000000       0x7a .\CortexM0\ARM_GCC_473\Debug\main.o
 .debug_abbrev  0x0000007a       0x77 .\CortexM0\ARM_GCC_473\Debug\cybootloader.o
 .debug_abbrev  0x000000f1       0x5d .\CortexM0\ARM_GCC_473\Debug\cymetadata.o
 .debug_abbrev  0x0000014e      0x175 .\CortexM0\ARM_GCC_473\Debug\Cm0Start.o
 .debug_abbrev  0x000002c3      0x18c .\CortexM0\ARM_GCC_473\Debug\PWM_LED_Fade.a(cyfitter_cfg.o)
 .debug_abbrev  0x0000044f      0x16a .\CortexM0\ARM_GCC_473\Debug\PWM_LED_Fade.a(TC_ISR.o)
 .debug_abbrev  0x000005b9       0x14 .\CortexM0\ARM_GCC_473\Debug\PWM_LED_Fade.a(CyBootAsmGnu.o)
 .debug_abbrev  0x000005cd      0x1a2 .\CortexM0\ARM_GCC_473\Debug\PWM_LED_Fade.a(CyLib.o)
 .debug_abbrev  0x0000076f       0xfe .\CortexM0\ARM_GCC_473\Debug\PWM_LED_Fade.a(PWM.o)

.debug_line     0x00000000      0xee1
 *(.debug_line)
 .debug_line    0x00000000       0x7a .\CortexM0\ARM_GCC_473\Debug\main.o
 .debug_line    0x0000007a       0x55 .\CortexM0\ARM_GCC_473\Debug\cybootloader.o
 .debug_line    0x000000cf       0x53 .\CortexM0\ARM_GCC_473\Debug\cymetadata.o
 .debug_line    0x00000122      0x19c .\CortexM0\ARM_GCC_473\Debug\Cm0Start.o
 .debug_line    0x000002be      0x1ad .\CortexM0\ARM_GCC_473\Debug\PWM_LED_Fade.a(cyfitter_cfg.o)
 .debug_line    0x0000046b      0x155 .\CortexM0\ARM_GCC_473\Debug\PWM_LED_Fade.a(TC_ISR.o)
 .debug_line    0x000005c0       0x68 .\CortexM0\ARM_GCC_473\Debug\PWM_LED_Fade.a(CyBootAsmGnu.o)
 .debug_line    0x00000628      0x541 .\CortexM0\ARM_GCC_473\Debug\PWM_LED_Fade.a(CyLib.o)
 .debug_line    0x00000b69      0x378 .\CortexM0\ARM_GCC_473\Debug\PWM_LED_Fade.a(PWM.o)

.debug_frame    0x00000000     0x1014
 *(.debug_frame)
 .debug_frame   0x00000000       0x48 .\CortexM0\ARM_GCC_473\Debug\main.o
 .debug_frame   0x00000048       0xa8 .\CortexM0\ARM_GCC_473\Debug\Cm0Start.o
 .debug_frame   0x000000f0      0x108 .\CortexM0\ARM_GCC_473\Debug\PWM_LED_Fade.a(cyfitter_cfg.o)
 .debug_frame   0x000001f8      0x190 .\CortexM0\ARM_GCC_473\Debug\PWM_LED_Fade.a(TC_ISR.o)
 .debug_frame   0x00000388      0x628 .\CortexM0\ARM_GCC_473\Debug\PWM_LED_Fade.a(CyLib.o)
 .debug_frame   0x000009b0      0x52c .\CortexM0\ARM_GCC_473\Debug\PWM_LED_Fade.a(PWM.o)
 .debug_frame   0x00000edc       0x20 d:/program files (x86)/cypress/psoc creator/3.0/psoc creator/import/gnu_cs/arm/4.7.3/bin/../lib/gcc/arm-none-eabi/4.7.3/armv6-m\libgcc.a(_udivsi3.o)
 .debug_frame   0x00000efc       0x20 d:/program files (x86)/cypress/psoc creator/3.0/psoc creator/import/gnu_cs/arm/4.7.3/bin/../lib/gcc/arm-none-eabi/4.7.3/armv6-m\libgcc.a(_divsi3.o)
 .debug_frame   0x00000f1c       0x28 d:/program files (x86)/cypress/psoc creator/3.0/psoc creator/import/gnu_cs/arm/4.7.3/bin/../lib/gcc/arm-none-eabi/4.7.3/../../../../arm-none-eabi/lib/armv6-m\libc_s.a(lib_a-__atexit2.o)
 .debug_frame   0x00000f44       0x28 d:/program files (x86)/cypress/psoc creator/3.0/psoc creator/import/gnu_cs/arm/4.7.3/bin/../lib/gcc/arm-none-eabi/4.7.3/../../../../arm-none-eabi/lib/armv6-m\libc_s.a(lib_a-exit.o)
 .debug_frame   0x00000f6c       0x2c d:/program files (x86)/cypress/psoc creator/3.0/psoc creator/import/gnu_cs/arm/4.7.3/bin/../lib/gcc/arm-none-eabi/4.7.3/../../../../arm-none-eabi/lib/armv6-m\libc_s.a(lib_a-fini.o)
 .debug_frame   0x00000f98       0x2c d:/program files (x86)/cypress/psoc creator/3.0/psoc creator/import/gnu_cs/arm/4.7.3/bin/../lib/gcc/arm-none-eabi/4.7.3/../../../../arm-none-eabi/lib/armv6-m\libc_s.a(lib_a-init.o)
 .debug_frame   0x00000fc4       0x28 d:/program files (x86)/cypress/psoc creator/3.0/psoc creator/import/gnu_cs/arm/4.7.3/bin/../lib/gcc/arm-none-eabi/4.7.3/../../../../arm-none-eabi/lib/armv6-m\libc_s.a(lib_a-memcpy.o)
 .debug_frame   0x00000fec       0x28 d:/program files (x86)/cypress/psoc creator/3.0/psoc creator/import/gnu_cs/arm/4.7.3/bin/../lib/gcc/arm-none-eabi/4.7.3/../../../../arm-none-eabi/lib/armv6-m\libc_s.a(lib_a-memset.o)

.debug_str      0x00000000      0xe21
 *(.debug_str)
 .debug_str     0x00000000      0x122 .\CortexM0\ARM_GCC_473\Debug\main.o
                                0x15b (size before relaxing)
 .debug_str     0x00000122       0x80 .\CortexM0\ARM_GCC_473\Debug\cybootloader.o
                                0x1a7 (size before relaxing)
 .debug_str     0x000001a2       0x37 .\CortexM0\ARM_GCC_473\Debug\cymetadata.o
                                0x164 (size before relaxing)
 .debug_str     0x000001d9      0x11f .\CortexM0\ARM_GCC_473\Debug\Cm0Start.o
                                0x260 (size before relaxing)
 .debug_str     0x000002f8      0x199 .\CortexM0\ARM_GCC_473\Debug\PWM_LED_Fade.a(cyfitter_cfg.o)
                                0x310 (size before relaxing)
 .debug_str     0x00000491      0x11d .\CortexM0\ARM_GCC_473\Debug\PWM_LED_Fade.a(TC_ISR.o)
                                0x279 (size before relaxing)
 .debug_str     0x000005ae      0x4df .\CortexM0\ARM_GCC_473\Debug\PWM_LED_Fade.a(CyLib.o)
                                0x664 (size before relaxing)
 .debug_str     0x00000a8d      0x394 .\CortexM0\ARM_GCC_473\Debug\PWM_LED_Fade.a(PWM.o)
                                0x4de (size before relaxing)

.debug_loc      0x00000000     0x17d0
 *(.debug_loc)
 .debug_loc     0x00000000       0x58 .\CortexM0\ARM_GCC_473\Debug\main.o
 .debug_loc     0x00000058      0x100 .\CortexM0\ARM_GCC_473\Debug\Cm0Start.o
 .debug_loc     0x00000158      0x1a8 .\CortexM0\ARM_GCC_473\Debug\PWM_LED_Fade.a(cyfitter_cfg.o)
 .debug_loc     0x00000300      0x26c .\CortexM0\ARM_GCC_473\Debug\PWM_LED_Fade.a(TC_ISR.o)
 .debug_loc     0x0000056c      0xa34 .\CortexM0\ARM_GCC_473\Debug\PWM_LED_Fade.a(CyLib.o)
 .debug_loc     0x00000fa0      0x830 .\CortexM0\ARM_GCC_473\Debug\PWM_LED_Fade.a(PWM.o)

.debug_macinfo
 *(.debug_macinfo)

.debug_ranges   0x00000000      0x3d8
 *(.debug_ranges)
 .debug_ranges  0x00000000       0x18 .\CortexM0\ARM_GCC_473\Debug\main.o
 .debug_ranges  0x00000018       0x30 .\CortexM0\ARM_GCC_473\Debug\Cm0Start.o
 .debug_ranges  0x00000048       0x48 .\CortexM0\ARM_GCC_473\Debug\PWM_LED_Fade.a(cyfitter_cfg.o)
 .debug_ranges  0x00000090       0x70 .\CortexM0\ARM_GCC_473\Debug\PWM_LED_Fade.a(TC_ISR.o)
 .debug_ranges  0x00000100      0x190 .\CortexM0\ARM_GCC_473\Debug\PWM_LED_Fade.a(CyLib.o)
 .debug_ranges  0x00000290      0x148 .\CortexM0\ARM_GCC_473\Debug\PWM_LED_Fade.a(PWM.o)

.comment        0x00000000       0x70
 .comment       0x00000000       0x70 .\CortexM0\ARM_GCC_473\Debug\main.o
                                 0x71 (size before relaxing)
 .comment       0x00000000       0x71 .\CortexM0\ARM_GCC_473\Debug\cybootloader.o
 .comment       0x00000000       0x71 .\CortexM0\ARM_GCC_473\Debug\cymetadata.o
 .comment       0x00000000       0x71 .\CortexM0\ARM_GCC_473\Debug\Cm0Start.o
 .comment       0x00000000       0x71 .\CortexM0\ARM_GCC_473\Debug\PWM_LED_Fade.a(cyfitter_cfg.o)
 .comment       0x00000000       0x71 .\CortexM0\ARM_GCC_473\Debug\PWM_LED_Fade.a(TC_ISR.o)
 .comment       0x00000000       0x71 .\CortexM0\ARM_GCC_473\Debug\PWM_LED_Fade.a(CyLib.o)
 .comment       0x00000000       0x71 .\CortexM0\ARM_GCC_473\Debug\PWM_LED_Fade.a(PWM.o)

.debug_weaknames
 *(.debug_weaknames)

.debug_funcnames
 *(.debug_funcnames)

.debug_typenames
 *(.debug_typenames)

.debug_varnames
 *(.debug_varnames)

.note.gnu.arm.ident
 *(.note.gnu.arm.ident)

.ARM.attributes
                0x00000000       0x28
 *(.ARM.attributes)
 .ARM.attributes
                0x00000000       0x1e d:/program files (x86)/cypress/psoc creator/3.0/psoc creator/import/gnu_cs/arm/4.7.3/bin/../lib/gcc/arm-none-eabi/4.7.3/armv6-m/crti.o
 .ARM.attributes
                0x0000001e       0x2c d:/program files (x86)/cypress/psoc creator/3.0/psoc creator/import/gnu_cs/arm/4.7.3/bin/../lib/gcc/arm-none-eabi/4.7.3/armv6-m/crtbegin.o
 .ARM.attributes
                0x0000004a       0x1c d:/program files (x86)/cypress/psoc creator/3.0/psoc creator/import/gnu_cs/arm/4.7.3/bin/../lib/gcc/arm-none-eabi/4.7.3/../../../../arm-none-eabi/lib/armv6-m/crt0.o
 .ARM.attributes
                0x00000066       0x31 .\CortexM0\ARM_GCC_473\Debug\main.o
 .ARM.attributes
                0x00000097       0x31 .\CortexM0\ARM_GCC_473\Debug\cybootloader.o
 .ARM.attributes
                0x000000c8       0x31 .\CortexM0\ARM_GCC_473\Debug\cymetadata.o
 .ARM.attributes
                0x000000f9       0x31 .\CortexM0\ARM_GCC_473\Debug\Cm0Start.o
 .ARM.attributes
                0x0000012a       0x31 .\CortexM0\ARM_GCC_473\Debug\PWM_LED_Fade.a(cyfitter_cfg.o)
 .ARM.attributes
                0x0000015b       0x31 .\CortexM0\ARM_GCC_473\Debug\PWM_LED_Fade.a(TC_ISR.o)
 .ARM.attributes
                0x0000018c       0x21 .\CortexM0\ARM_GCC_473\Debug\PWM_LED_Fade.a(CyBootAsmGnu.o)
 .ARM.attributes
                0x000001ad       0x31 .\CortexM0\ARM_GCC_473\Debug\PWM_LED_Fade.a(CyLib.o)
 .ARM.attributes
                0x000001de       0x31 .\CortexM0\ARM_GCC_473\Debug\PWM_LED_Fade.a(PWM.o)
 .ARM.attributes
                0x0000020f       0x1e d:/program files (x86)/cypress/psoc creator/3.0/psoc creator/import/gnu_cs/arm/4.7.3/bin/../lib/gcc/arm-none-eabi/4.7.3/armv6-m\libgcc.a(_udivsi3.o)
 .ARM.attributes
                0x0000022d       0x1e d:/program files (x86)/cypress/psoc creator/3.0/psoc creator/import/gnu_cs/arm/4.7.3/bin/../lib/gcc/arm-none-eabi/4.7.3/armv6-m\libgcc.a(_divsi3.o)
 .ARM.attributes
                0x0000024b       0x1e d:/program files (x86)/cypress/psoc creator/3.0/psoc creator/import/gnu_cs/arm/4.7.3/bin/../lib/gcc/arm-none-eabi/4.7.3/armv6-m\libgcc.a(_dvmd_tls.o)
 .ARM.attributes
                0x00000269       0x2c d:/program files (x86)/cypress/psoc creator/3.0/psoc creator/import/gnu_cs/arm/4.7.3/bin/../lib/gcc/arm-none-eabi/4.7.3/../../../../arm-none-eabi/lib/armv6-m\libc_s.a(lib_a-__atexit2.o)
 .ARM.attributes
                0x00000295       0x2c d:/program files (x86)/cypress/psoc creator/3.0/psoc creator/import/gnu_cs/arm/4.7.3/bin/../lib/gcc/arm-none-eabi/4.7.3/../../../../arm-none-eabi/lib/armv6-m\libc_s.a(lib_a-exit.o)
 .ARM.attributes
                0x000002c1       0x2c d:/program files (x86)/cypress/psoc creator/3.0/psoc creator/import/gnu_cs/arm/4.7.3/bin/../lib/gcc/arm-none-eabi/4.7.3/../../../../arm-none-eabi/lib/armv6-m\libc_s.a(lib_a-fini.o)
 .ARM.attributes
                0x000002ed       0x2c d:/program files (x86)/cypress/psoc creator/3.0/psoc creator/import/gnu_cs/arm/4.7.3/bin/../lib/gcc/arm-none-eabi/4.7.3/../../../../arm-none-eabi/lib/armv6-m\libc_s.a(lib_a-impure.o)
 .ARM.attributes
                0x00000319       0x2c d:/program files (x86)/cypress/psoc creator/3.0/psoc creator/import/gnu_cs/arm/4.7.3/bin/../lib/gcc/arm-none-eabi/4.7.3/../../../../arm-none-eabi/lib/armv6-m\libc_s.a(lib_a-init.o)
 .ARM.attributes
                0x00000345       0x2c d:/program files (x86)/cypress/psoc creator/3.0/psoc creator/import/gnu_cs/arm/4.7.3/bin/../lib/gcc/arm-none-eabi/4.7.3/../../../../arm-none-eabi/lib/armv6-m\libc_s.a(lib_a-memcpy.o)
 .ARM.attributes
                0x00000371       0x2c d:/program files (x86)/cypress/psoc creator/3.0/psoc creator/import/gnu_cs/arm/4.7.3/bin/../lib/gcc/arm-none-eabi/4.7.3/../../../../arm-none-eabi/lib/armv6-m\libc_s.a(lib_a-memset.o)
 .ARM.attributes
                0x0000039d       0x2c d:/program files (x86)/cypress/psoc creator/3.0/psoc creator/import/gnu_cs/arm/4.7.3/bin/../lib/gcc/arm-none-eabi/4.7.3/armv6-m/crtend.o
 .ARM.attributes
                0x000003c9       0x1e d:/program files (x86)/cypress/psoc creator/3.0/psoc creator/import/gnu_cs/arm/4.7.3/bin/../lib/gcc/arm-none-eabi/4.7.3/armv6-m/crtn.o

/DISCARD/
 *(.note.GNU-stack)
OUTPUT(.\CortexM0\ARM_GCC_473\Debug\PWM_LED_Fade.elf elf32-littlearm)
