Archive member included because of file (symbol)

.\CortexM0\ARM_GCC_484\Debug\CapSense_CSD_P4_Design03.a(cyfitter_cfg.o)
                              .\CortexM0\ARM_GCC_484\Debug\Cm0Start.o (cyfitter_cfg)
.\CortexM0\ARM_GCC_484\Debug\CapSense_CSD_P4_Design03.a(CapSense_CSD.o)
                              .\CortexM0\ARM_GCC_484\Debug\main.o (CapSense_CSD_Start)
.\CortexM0\ARM_GCC_484\Debug\CapSense_CSD_P4_Design03.a(CapSense_CSD_CSHL.o)
                              .\CortexM0\ARM_GCC_484\Debug\CapSense_CSD_P4_Design03.a(CapSense_CSD.o) (CapSense_CSD_rawDataIndex)
.\CortexM0\ARM_GCC_484\Debug\CapSense_CSD_P4_Design03.a(CapSense_CSD_INT.o)
                              .\CortexM0\ARM_GCC_484\Debug\CapSense_CSD_P4_Design03.a(CapSense_CSD.o) (CapSense_CSD_ISR)
.\CortexM0\ARM_GCC_484\Debug\CapSense_CSD_P4_Design03.a(CapSense_CSD_SMS.o)
                              .\CortexM0\ARM_GCC_484\Debug\CapSense_CSD_P4_Design03.a(CapSense_CSD_CSHL.o) (CapSense_CSD_config)
.\CortexM0\ARM_GCC_484\Debug\CapSense_CSD_P4_Design03.a(LED_CONTROL.o)
                              .\CortexM0\ARM_GCC_484\Debug\main.o (LED_CONTROL_WriteCompare)
.\CortexM0\ARM_GCC_484\Debug\CapSense_CSD_P4_Design03.a(CapSense_CSD_SampleClk.o)
                              .\CortexM0\ARM_GCC_484\Debug\CapSense_CSD_P4_Design03.a(CapSense_CSD.o) (CapSense_CSD_SampleClk_Start)
.\CortexM0\ARM_GCC_484\Debug\CapSense_CSD_P4_Design03.a(CapSense_CSD_SenseClk.o)
                              .\CortexM0\ARM_GCC_484\Debug\CapSense_CSD_P4_Design03.a(CapSense_CSD.o) (CapSense_CSD_SenseClk_Start)
.\CortexM0\ARM_GCC_484\Debug\CapSense_CSD_P4_Design03.a(CyBootAsmGnu.o)
                              .\CortexM0\ARM_GCC_484\Debug\CapSense_CSD_P4_Design03.a(cyfitter_cfg.o) (CyDelayCycles)
.\CortexM0\ARM_GCC_484\Debug\CapSense_CSD_P4_Design03.a(CyLib.o)
                              .\CortexM0\ARM_GCC_484\Debug\CapSense_CSD_P4_Design03.a(cyfitter_cfg.o) (CyDelayUs)
.\CortexM0\ARM_GCC_484\Debug\CapSense_CSD_P4_Design03.a(Pin_1.o)
                              .\CortexM0\ARM_GCC_484\Debug\main.o (Pin_1_Write)
D:\Program Files (x86)\Cypress\PSoC Creator\3.1\PSoC Creator\psoc\content\cycomponentlibrary\CyComponentLibrary.cylib\CapSense_CSD_P4_v2_10\PSoC4\Library\CapsenseP4Library_GCC.a(CSD_P4_SmartSense_v2_10.o)
                              .\CortexM0\ARM_GCC_484\Debug\CapSense_CSD_P4_Design03.a(CapSense_CSD_SMS.o) (CalibrateSensors_P4_v2_10)
d:/program files (x86)/cypress/psoc creator/3.1/psoc creator/import/gnu_cs/arm/4.8.4/bin/../lib/gcc/arm-none-eabi/4.8.4/armv6-m\libgcc.a(_udivsi3.o)
                              .\CortexM0\ARM_GCC_484\Debug\CapSense_CSD_P4_Design03.a(CapSense_CSD_SMS.o) (__aeabi_uidiv)
d:/program files (x86)/cypress/psoc creator/3.1/psoc creator/import/gnu_cs/arm/4.8.4/bin/../lib/gcc/arm-none-eabi/4.8.4/armv6-m\libgcc.a(_divsi3.o)
                              .\CortexM0\ARM_GCC_484\Debug\Cm0Start.o (__aeabi_idiv)
d:/program files (x86)/cypress/psoc creator/3.1/psoc creator/import/gnu_cs/arm/4.8.4/bin/../lib/gcc/arm-none-eabi/4.8.4/armv6-m\libgcc.a(_dvmd_tls.o)
                              d:/program files (x86)/cypress/psoc creator/3.1/psoc creator/import/gnu_cs/arm/4.8.4/bin/../lib/gcc/arm-none-eabi/4.8.4/armv6-m\libgcc.a(_udivsi3.o) (__aeabi_idiv0)
d:/program files (x86)/cypress/psoc creator/3.1/psoc creator/import/gnu_cs/arm/4.8.4/bin/../lib/gcc/arm-none-eabi/4.8.4/../../../../arm-none-eabi/lib/armv6-m\libg_s.a(lib_a-errno.o)
                              .\CortexM0\ARM_GCC_484\Debug\Cm0Start.o (__errno)
d:/program files (x86)/cypress/psoc creator/3.1/psoc creator/import/gnu_cs/arm/4.8.4/bin/../lib/gcc/arm-none-eabi/4.8.4/../../../../arm-none-eabi/lib/armv6-m\libg_s.a(lib_a-exit.o)
                              d:/program files (x86)/cypress/psoc creator/3.1/psoc creator/import/gnu_cs/arm/4.8.4/bin/../lib/gcc/arm-none-eabi/4.8.4/../../../../arm-none-eabi/lib/armv6-m/crt0.o (exit)
d:/program files (x86)/cypress/psoc creator/3.1/psoc creator/import/gnu_cs/arm/4.8.4/bin/../lib/gcc/arm-none-eabi/4.8.4/../../../../arm-none-eabi/lib/armv6-m\libg_s.a(lib_a-impure.o)
                              d:/program files (x86)/cypress/psoc creator/3.1/psoc creator/import/gnu_cs/arm/4.8.4/bin/../lib/gcc/arm-none-eabi/4.8.4/../../../../arm-none-eabi/lib/armv6-m\libg_s.a(lib_a-exit.o) (_global_impure_ptr)
d:/program files (x86)/cypress/psoc creator/3.1/psoc creator/import/gnu_cs/arm/4.8.4/bin/../lib/gcc/arm-none-eabi/4.8.4/../../../../arm-none-eabi/lib/armv6-m\libg_s.a(lib_a-init.o)
                              d:/program files (x86)/cypress/psoc creator/3.1/psoc creator/import/gnu_cs/arm/4.8.4/bin/../lib/gcc/arm-none-eabi/4.8.4/../../../../arm-none-eabi/lib/armv6-m/crt0.o (__libc_init_array)
d:/program files (x86)/cypress/psoc creator/3.1/psoc creator/import/gnu_cs/arm/4.8.4/bin/../lib/gcc/arm-none-eabi/4.8.4/../../../../arm-none-eabi/lib/armv6-m\libg_s.a(lib_a-memcpy-stub.o)
[...]
Memory Configuration

Name             Origin             Length             Attributes
rom              0x00000000         0x00008000         xr
ram              0x20000000         0x00001000         xrw
*default*        0x00000000         0xffffffff

Linker script and memory map

LOAD d:/program files (x86)/cypress/psoc creator/3.1/psoc creator/import/gnu_cs/arm/4.8.4/bin/../lib/gcc/arm-none-eabi/4.8.4/armv6-m/crti.o
LOAD d:/program files (x86)/cypress/psoc creator/3.1/psoc creator/import/gnu_cs/arm/4.8.4/bin/../lib/gcc/arm-none-eabi/4.8.4/armv6-m/crtbegin.o
LOAD d:/program files (x86)/cypress/psoc creator/3.1/psoc creator/import/gnu_cs/arm/4.8.4/bin/../lib/gcc/arm-none-eabi/4.8.4/../../../../arm-none-eabi/lib/armv6-m/crt0.o
START GROUP
LOAD .\CortexM0\ARM_GCC_484\Debug\main.o
LOAD .\CortexM0\ARM_GCC_484\Debug\cymetadata.o
LOAD .\CortexM0\ARM_GCC_484\Debug\Cm0Start.o
LOAD .\CortexM0\ARM_GCC_484\Debug\cybootloader.o
LOAD .\CortexM0\ARM_GCC_484\Debug\CapSense_CSD_P4_Design03.a
LOAD D:\Program Files (x86)\Cypress\PSoC Creator\3.1\PSoC Creator\psoc\content\cycomponentlibrary\CyComponentLibrary.cylib\CapSense_CSD_P4_v2_10\PSoC4\Library\CapsenseP4Library_GCC.a
LOAD D:\Program Files (x86)\Cypress\PSoC Creator\3.1\PSoC Creator\psoc\content\cycomponentlibrary\CyComponentLibrary.cylib\CortexM0\ARM_GCC_484\Debug\CyComponentLibrary.a
END GROUP
START GROUP
LOAD d:/program files (x86)/cypress/psoc creator/3.1/psoc creator/import/gnu_cs/arm/4.8.4/bin/../lib/gcc/arm-none-eabi/4.8.4/armv6-m\libgcc.a
LOAD d:/program files (x86)/cypress/psoc creator/3.1/psoc creator/import/gnu_cs/arm/4.8.4/bin/../lib/gcc/arm-none-eabi/4.8.4/../../../../arm-none-eabi/lib/armv6-m\libg_s.a
LOAD d:/program files (x86)/cypress/psoc creator/3.1/psoc creator/import/gnu_cs/arm/4.8.4/bin/../lib/gcc/arm-none-eabi/4.8.4/../../../../arm-none-eabi/lib/armv6-m\libc_s.a
END GROUP
START GROUP
LOAD d:/program files (x86)/cypress/psoc creator/3.1/psoc creator/import/gnu_cs/arm/4.8.4/bin/../lib/gcc/arm-none-eabi/4.8.4/armv6-m\libgcc.a
LOAD d:/program files (x86)/cypress/psoc creator/3.1/psoc creator/import/gnu_cs/arm/4.8.4/bin/../lib/gcc/arm-none-eabi/4.8.4/../../../../arm-none-eabi/lib/armv6-m\libc_s.a
END GROUP
LOAD d:/program files (x86)/cypress/psoc creator/3.1/psoc creator/import/gnu_cs/arm/4.8.4/bin/../lib/gcc/arm-none-eabi/4.8.4/armv6-m/crtend.o
LOAD d:/program files (x86)/cypress/psoc creator/3.1/psoc creator/import/gnu_cs/arm/4.8.4/bin/../lib/gcc/arm-none-eabi/4.8.4/armv6-m/crtn.o
START GROUP
LOAD d:/program files (x86)/cypress/psoc creator/3.1/psoc creator/import/gnu_cs/arm/4.8.4/bin/../lib/gcc/arm-none-eabi/4.8.4/armv6-m\libgcc.a
LOAD d:/program files (x86)/cypress/psoc creator/3.1/psoc creator/import/gnu_cs/arm/4.8.4/bin/../lib/gcc/arm-none-eabi/4.8.4/../../../../arm-none-eabi/lib/armv6-m\libc.a
LOAD d:/program files (x86)/cypress/psoc creator/3.1/psoc creator/import/gnu_cs/arm/4.8.4/bin/../lib/gcc/arm-none-eabi/4.8.4/../../../../arm-none-eabi/lib/armv6-m\libnosys.a
END GROUP
                0x00000000                CY_APPL_ORIGIN = 0x0
                0x00000080                CY_FLASH_ROW_SIZE = 0x80
                0x00000001                CY_APPL_NUM = 0x1
                0x00000040                CY_METADATA_SIZE = 0x40
                0x200002c8                PROVIDE (__cy_heap_start, _end)
                0x00000001                PROVIDE (__cy_region_num, ((__cy_regions_end - __cy_regions) / 0x10))
                0x20001000                PROVIDE (__cy_stack, (ORIGIN (ram) + 0x1000))
                0x20000c00                PROVIDE (__cy_heap_end, (__cy_stack - 0x400))

.cybootloader   0x00000000      0xf00
 *(.cybootloader)
 .cybootloader  0x00000000      0xf00 .\CortexM0\ARM_GCC_484\Debug\cybootloader.o
                0x00000000                cy_bootloader
                0x00000f00                appl1_start = CY_APPL_ORIGIN?CY_APPL_ORIGIN:ALIGN (CY_FLASH_ROW_SIZE)
                0x00004700                appl2_start = (appl1_start + ALIGN ((((0x8000 - appl1_start) - (0x2 * CY_FLASH_ROW_SIZE)) / 0x2), CY_FLASH_ROW_SIZE))
                0x00000f00                appl_start = (CY_APPL_NUM == 0x1)?appl1_start:appl2_start

.text           0x00000f00     0x2228
 CREATE_OBJECT_SYMBOLS
                0x00000f00                PROVIDE (__cy_interrupt_vector, RomVectors)
 *(.romvectors)
 .romvectors    0x00000f00       0x10 .\CortexM0\ARM_GCC_484\Debug\Cm0Start.o
                0x00000f00                RomVectors
                0x00000001                ASSERT ((. != __cy_interrupt_vector), No interrupt vector)
                0x00000001                ASSERT (CY_APPL_ORIGIN?(SIZEOF (.cybootloader) <= CY_APPL_ORIGIN):0x1, Wrong image location)
                0x00000f10                PROVIDE (__cy_reset, Reset)
 *(.text.Reset)
 .text.Reset    0x00000f10       0x14 .\CortexM0\ARM_GCC_484\Debug\Cm0Start.o
                0x00000f10                Reset
                0x00000001                ASSERT ((. != __cy_reset), No reset code)
 *(.psocinit)
 .psocinit      0x00000f24      0x2cc .\CortexM0\ARM_GCC_484\Debug\CapSense_CSD_P4_Design03.a(cyfitter_cfg.o)
                0x00001084                cyfitter_cfg
                0x000011f0                . = MAX (., 0x100)
 *(.text .text.* .gnu.linkonce.t.*)
 .text          0x000011f0       0x60 d:/program files (x86)/cypress/psoc creator/3.1/psoc creator/import/gnu_cs/arm/4.8.4/bin/../lib/gcc/arm-none-eabi/4.8.4/armv6-m/crtbegin.o
 .text.main     0x00001250       0x34 .\CortexM0\ARM_GCC_484\Debug\main.o
                0x00001250                main
 .text.CapSense_DisplayState
                0x00001284       0x5c .\CortexM0\ARM_GCC_484\Debug\main.o
                0x00001284                CapSense_DisplayState
 .text.IntDefaultHandler
                0x000012e0        0x8 .\CortexM0\ARM_GCC_484\Debug\Cm0Start.o
                0x000012e0                IntDefaultHandler
 .text.Start_c  0x000012e8       0x98 .\CortexM0\ARM_GCC_484\Debug\Cm0Start.o
                0x000012e8                Start_c
 .text.initialize_psoc
                0x00001380       0x74 .\CortexM0\ARM_GCC_484\Debug\Cm0Start.o
                0x00001380                initialize_psoc
 .text.CYMEMZERO
                0x000013f4       0x20 .\CortexM0\ARM_GCC_484\Debug\CapSense_CSD_P4_Design03.a(cyfitter_cfg.o)
 .text.cfg_write_bytes32
                0x00001414       0x80 .\CortexM0\ARM_GCC_484\Debug\CapSense_CSD_P4_Design03.a(cyfitter_cfg.o)
 .text.AnalogSetDefault
                0x00001494       0x10 .\CortexM0\ARM_GCC_484\Debug\CapSense_CSD_P4_Design03.a(cyfitter_cfg.o)
 .text.SetAnalogRoutingPumps
                0x000014a4       0x70 .\CortexM0\ARM_GCC_484\Debug\CapSense_CSD_P4_Design03.a(cyfitter_cfg.o)
                0x000014a4                SetAnalogRoutingPumps
 .text.CapSense_CSD_Init
                0x00001514       0x3c .\CortexM0\ARM_GCC_484\Debug\CapSense_CSD_P4_Design03.a(CapSense_CSD.o)
                0x00001514                CapSense_CSD_Init
 .text.CapSense_CSD_CsdHwBlockInit
                0x00001550       0xc0 .\CortexM0\ARM_GCC_484\Debug\CapSense_CSD_P4_Design03.a(CapSense_CSD.o)
                0x00001550                CapSense_CSD_CsdHwBlockInit
 .text.CapSense_CSD_Enable
                0x00001610       0x50 .\CortexM0\ARM_GCC_484\Debug\CapSense_CSD_P4_Design03.a(CapSense_CSD.o)
                0x00001610                CapSense_CSD_Enable
 .text.CapSense_CSD_Start
                0x00001660       0x44 .\CortexM0\ARM_GCC_484\Debug\CapSense_CSD_P4_Design03.a(CapSense_CSD.o)
                0x00001660                CapSense_CSD_Start
 .text.CapSense_CSD_FindNextSensor
                0x000016a4       0x48 .\CortexM0\ARM_GCC_484\Debug\CapSense_CSD_P4_Design03.a(CapSense_CSD.o)
                0x000016a4                CapSense_CSD_FindNextSensor
 .text.CapSense_CSD_ScanSensor
                0x000016ec       0x34 .\CortexM0\ARM_GCC_484\Debug\CapSense_CSD_P4_Design03.a(CapSense_CSD.o)
                0x000016ec                CapSense_CSD_ScanSensor
 .text.CapSense_CSD_ScanEnabledWidgets
                0x00001720       0x58 .\CortexM0\ARM_GCC_484\Debug\CapSense_CSD_P4_Design03.a(CapSense_CSD.o)
                0x00001720                CapSense_CSD_ScanEnabledWidgets
 .text.CapSense_CSD_IsBusy
                0x00001778       0x1c .\CortexM0\ARM_GCC_484\Debug\CapSense_CSD_P4_Design03.a(CapSense_CSD.o)
                0x00001778                CapSense_CSD_IsBusy
 .text.CapSense_CSD_ReadSensorRaw
                0x00001794       0x1c .\CortexM0\ARM_GCC_484\Debug\CapSense_CSD_P4_Design03.a(CapSense_CSD.o)
                0x00001794                CapSense_CSD_ReadSensorRaw
 .text.CapSense_CSD_ClearSensors
                0x000017b0       0x28 .\CortexM0\ARM_GCC_484\Debug\CapSense_CSD_P4_Design03.a(CapSense_CSD.o)
                0x000017b0                CapSense_CSD_ClearSensors
 .text.CapSense_CSD_EnableSensor
                0x000017d8       0xcc .\CortexM0\ARM_GCC_484\Debug\CapSense_CSD_P4_Design03.a(CapSense_CSD.o)
                0x000017d8                CapSense_CSD_EnableSensor
 .text.CapSense_CSD_DisableSensor
                0x000018a4      0x120 .\CortexM0\ARM_GCC_484\Debug\CapSense_CSD_P4_Design03.a(CapSense_CSD.o)
                0x000018a4                CapSense_CSD_DisableSensor
 .text.CapSense_CSD_PreScan
                0x000019c4      0x134 .\CortexM0\ARM_GCC_484\Debug\CapSense_CSD_P4_Design03.a(CapSense_CSD.o)
                0x000019c4                CapSense_CSD_PreScan
 .text.CapSense_CSD_PostScan
                0x00001af8       0x74 .\CortexM0\ARM_GCC_484\Debug\CapSense_CSD_P4_Design03.a(CapSense_CSD.o)
                0x00001af8                CapSense_CSD_PostScan
 .text.CapSense_CSD_SetShieldDelay
                0x00001b6c       0x30 .\CortexM0\ARM_GCC_484\Debug\CapSense_CSD_P4_Design03.a(CapSense_CSD.o)
                0x00001b6c                CapSense_CSD_SetShieldDelay
 .text.CapSense_CSD_GetBitValue
                0x00001b9c       0x44 .\CortexM0\ARM_GCC_484\Debug\CapSense_CSD_P4_Design03.a(CapSense_CSD.o)
                0x00001b9c                CapSense_CSD_GetBitValue
 .text.CapSense_CSD_SetBitValue
                0x00001be0       0x68 .\CortexM0\ARM_GCC_484\Debug\CapSense_CSD_P4_Design03.a(CapSense_CSD.o)
                0x00001be0                CapSense_CSD_SetBitValue
 .text.CapSense_CSD_GetSensorRaw
                0x00001c48       0x50 .\CortexM0\ARM_GCC_484\Debug\CapSense_CSD_P4_Design03.a(CapSense_CSD.o)
                0x00001c48                CapSense_CSD_GetSensorRaw
 .text.CapSense_CSD_NormalizeWidgets
                0x00001c98       0x9c .\CortexM0\ARM_GCC_484\Debug\CapSense_CSD_P4_Design03.a(CapSense_CSD.o)
                0x00001c98                CapSense_CSD_NormalizeWidgets
 .text.CapSense_CSD_BaseInit
                0x00001d34       0x58 .\CortexM0\ARM_GCC_484\Debug\CapSense_CSD_P4_Design03.a(CapSense_CSD_CSHL.o)
                0x00001d34                CapSense_CSD_BaseInit
 .text.CapSense_CSD_InitializeSensorBaseline
                0x00001d8c       0x2c .\CortexM0\ARM_GCC_484\Debug\CapSense_CSD_P4_Design03.a(CapSense_CSD_CSHL.o)
                0x00001d8c                CapSense_CSD_InitializeSensorBaseline
 .text.CapSense_CSD_InitializeAllBaselines
                0x00001db8       0x28 .\CortexM0\ARM_GCC_484\Debug\CapSense_CSD_P4_Design03.a(CapSense_CSD_CSHL.o)
                0x00001db8                CapSense_CSD_InitializeAllBaselines
 .text.CapSense_CSD_UpdateBaselineNoThreshold
                0x00001de0      0x228 .\CortexM0\ARM_GCC_484\Debug\CapSense_CSD_P4_Design03.a(CapSense_CSD_CSHL.o)
                0x00001de0                CapSense_CSD_UpdateBaselineNoThreshold
 .text.CapSense_CSD_UpdateSensorBaseline
                0x00002008       0x20 .\CortexM0\ARM_GCC_484\Debug\CapSense_CSD_P4_Design03.a(CapSense_CSD_CSHL.o)
                0x00002008                CapSense_CSD_UpdateSensorBaseline
 .text.CapSense_CSD_UpdateEnabledBaselines
                0x00002028       0x40 .\CortexM0\ARM_GCC_484\Debug\CapSense_CSD_P4_Design03.a(CapSense_CSD_CSHL.o)
                0x00002028                CapSense_CSD_UpdateEnabledBaselines
 .text.CapSense_CSD_FindMaximum
                0x00002068       0xac .\CortexM0\ARM_GCC_484\Debug\CapSense_CSD_P4_Design03.a(CapSense_CSD_CSHL.o)
                0x00002068                CapSense_CSD_FindMaximum
 .text.CapSense_CSD_CalcCentroid
                0x00002114      0x194 .\CortexM0\ARM_GCC_484\Debug\CapSense_CSD_P4_Design03.a(CapSense_CSD_CSHL.o)
                0x00002114                CapSense_CSD_CalcCentroid
 .text.CapSense_CSD_GetCentroidPos
                0x000022a8      0x15c .\CortexM0\ARM_GCC_484\Debug\CapSense_CSD_P4_Design03.a(CapSense_CSD_CSHL.o)
                0x000022a8                CapSense_CSD_GetCentroidPos
 .text.CapSense_CSD_IIR4Filter
                0x00002404       0x3c .\CortexM0\ARM_GCC_484\Debug\CapSense_CSD_P4_Design03.a(CapSense_CSD_CSHL.o)
                0x00002404                CapSense_CSD_IIR4Filter
 .text.CapSense_CSD_JitterFilter
                0x00002440       0x4c .\CortexM0\ARM_GCC_484\Debug\CapSense_CSD_P4_Design03.a(CapSense_CSD_CSHL.o)
                0x00002440                CapSense_CSD_JitterFilter
 .text.CapSense_CSD_ISR
                0x0000248c       0xd4 .\CortexM0\ARM_GCC_484\Debug\CapSense_CSD_P4_Design03.a(CapSense_CSD_INT.o)
                0x0000248c                CapSense_CSD_ISR
 .text.CapSense_CSD_AutoTune
                0x00002560      0x10c .\CortexM0\ARM_GCC_484\Debug\CapSense_CSD_P4_Design03.a(CapSense_CSD_SMS.o)
                0x00002560                CapSense_CSD_AutoTune
 .text.CapSense_CSD_UpdateThresholds
                0x0000266c       0xec .\CortexM0\ARM_GCC_484\Debug\CapSense_CSD_P4_Design03.a(CapSense_CSD_SMS.o)
                0x0000266c                CapSense_CSD_UpdateThresholds
 .text.CapSense_CSD_SetAnalogSwitchesSrcDirect
                0x00002758       0x18 .\CortexM0\ARM_GCC_484\Debug\CapSense_CSD_P4_Design03.a(CapSense_CSD_SMS.o)
                0x00002758                CapSense_CSD_SetAnalogSwitchesSrcDirect
 .text.CapSense_CSD_DisableBaselineIDAC
                0x00002770       0x34 .\CortexM0\ARM_GCC_484\Debug\CapSense_CSD_P4_Design03.a(CapSense_CSD_SMS.o)
                0x00002770                CapSense_CSD_DisableBaselineIDAC
 .text.CapSense_CSD_EnableBaselineIDAC
                0x000027a4       0x8c .\CortexM0\ARM_GCC_484\Debug\CapSense_CSD_P4_Design03.a(CapSense_CSD_SMS.o)
                0x000027a4                CapSense_CSD_EnableBaselineIDAC
 .text.LED_CONTROL_Init
                0x00002830       0x58 .\CortexM0\ARM_GCC_484\Debug\CapSense_CSD_P4_Design03.a(LED_CONTROL.o)
                0x00002830                LED_CONTROL_Init
 .text.LED_CONTROL_Enable
                0x00002888       0x38 .\CortexM0\ARM_GCC_484\Debug\CapSense_CSD_P4_Design03.a(LED_CONTROL.o)
                0x00002888                LED_CONTROL_Enable
 .text.LED_CONTROL_Start
                0x000028c0       0x24 .\CortexM0\ARM_GCC_484\Debug\CapSense_CSD_P4_Design03.a(LED_CONTROL.o)
                0x000028c0                LED_CONTROL_Start
 .text.LED_CONTROL_WriteCounter
                0x000028e4       0x1c .\CortexM0\ARM_GCC_484\Debug\CapSense_CSD_P4_Design03.a(LED_CONTROL.o)
                0x000028e4                LED_CONTROL_WriteCounter
 .text.LED_CONTROL_WritePeriod
                0x00002900       0x1c .\CortexM0\ARM_GCC_484\Debug\CapSense_CSD_P4_Design03.a(LED_CONTROL.o)
                0x00002900                LED_CONTROL_WritePeriod
 .text.LED_CONTROL_WriteCompare
                0x0000291c       0x1c .\CortexM0\ARM_GCC_484\Debug\CapSense_CSD_P4_Design03.a(LED_CONTROL.o)
                0x0000291c                LED_CONTROL_WriteCompare
 .text.LED_CONTROL_TriggerCommand
                0x00002938       0x3c .\CortexM0\ARM_GCC_484\Debug\CapSense_CSD_P4_Design03.a(LED_CONTROL.o)
                0x00002938                LED_CONTROL_TriggerCommand
 .text.LED_CONTROL_SetInterruptMode
                0x00002974       0x18 .\CortexM0\ARM_GCC_484\Debug\CapSense_CSD_P4_Design03.a(LED_CONTROL.o)
                0x00002974                LED_CONTROL_SetInterruptMode
 .text.CapSense_CSD_SampleClk_Start
                0x0000298c       0x1c .\CortexM0\ARM_GCC_484\Debug\CapSense_CSD_P4_Design03.a(CapSense_CSD_SampleClk.o)
                0x0000298c                CapSense_CSD_SampleClk_Start
 .text.CapSense_CSD_SampleClk_Stop
                0x000029a8       0x18 .\CortexM0\ARM_GCC_484\Debug\CapSense_CSD_P4_Design03.a(CapSense_CSD_SampleClk.o)
                0x000029a8                CapSense_CSD_SampleClk_Stop
 .text.CapSense_CSD_SampleClk_SetFractionalDividerRegister
                0x000029c0       0x38 .\CortexM0\ARM_GCC_484\Debug\CapSense_CSD_P4_Design03.a(CapSense_CSD_SampleClk.o)
                0x000029c0                CapSense_CSD_SampleClk_SetFractionalDividerRegister
 .text.CapSense_CSD_SenseClk_Start
                0x000029f8       0x1c .\CortexM0\ARM_GCC_484\Debug\CapSense_CSD_P4_Design03.a(CapSense_CSD_SenseClk.o)
                0x000029f8                CapSense_CSD_SenseClk_Start
 .text.CapSense_CSD_SenseClk_Stop
                0x00002a14       0x18 .\CortexM0\ARM_GCC_484\Debug\CapSense_CSD_P4_Design03.a(CapSense_CSD_SenseClk.o)
                0x00002a14                CapSense_CSD_SenseClk_Stop
 .text.CapSense_CSD_SenseClk_SetFractionalDividerRegister
                0x00002a2c       0x38 .\CortexM0\ARM_GCC_484\Debug\CapSense_CSD_P4_Design03.a(CapSense_CSD_SenseClk.o)
                0x00002a2c                CapSense_CSD_SenseClk_SetFractionalDividerRegister
 *fill*         0x00002a64        0x4 
 .text          0x00002a68       0x28 .\CortexM0\ARM_GCC_484\Debug\CapSense_CSD_P4_Design03.a(CyBootAsmGnu.o)
                0x00002a68                CyDelayCycles
                0x00002a7c                CyEnterCriticalSection
                0x00002a84                CyExitCriticalSection
 .text.CyIntSetVector
                0x00002a90       0x4c .\CortexM0\ARM_GCC_484\Debug\CapSense_CSD_P4_Design03.a(CyLib.o)
                0x00002a90                CyIntSetVector
 .text.CyIntSetPriority
                0x00002adc       0xa8 .\CortexM0\ARM_GCC_484\Debug\CapSense_CSD_P4_Design03.a(CyLib.o)
                0x00002adc                CyIntSetPriority
 .text.CyIntEnable
                0x00002b84       0x2c .\CortexM0\ARM_GCC_484\Debug\CapSense_CSD_P4_Design03.a(CyLib.o)
                0x00002b84                CyIntEnable
 .text.CyIntDisable
                0x00002bb0       0x2c .\CortexM0\ARM_GCC_484\Debug\CapSense_CSD_P4_Design03.a(CyLib.o)
                0x00002bb0                CyIntDisable
 .text.CyHalt   0x00002bdc       0x14 .\CortexM0\ARM_GCC_484\Debug\CapSense_CSD_P4_Design03.a(CyLib.o)
                0x00002bdc                CyHalt
 .text.CyDelayUs
                0x00002bf0       0x28 .\CortexM0\ARM_GCC_484\Debug\CapSense_CSD_P4_Design03.a(CyLib.o)
                0x00002bf0                CyDelayUs
 .text.Pin_1_Write
                0x00002c18       0x48 .\CortexM0\ARM_GCC_484\Debug\CapSense_CSD_P4_Design03.a(Pin_1.o)
                0x00002c18                Pin_1_Write
 .text.CalibrateOneDAC_P4_v2_10
                0x00002c60       0x44 D:\Program Files (x86)\Cypress\PSoC Creator\3.1\PSoC Creator\psoc\content\cycomponentlibrary\CyComponentLibrary.cylib\CapSense_CSD_P4_v2_10\PSoC4\Library\CapsenseP4Library_GCC.a(CSD_P4_SmartSense_v2_10.o)
                0x00002c60                CalibrateOneDAC_P4_v2_10
 .text.CalibrateSensors_P4_v2_10
                0x00002ca4       0x22 D:\Program Files (x86)\Cypress\PSoC Creator\3.1\PSoC Creator\psoc\content\cycomponentlibrary\CyComponentLibrary.cylib\CapSense_CSD_P4_v2_10\PSoC4\Library\CapsenseP4Library_GCC.a(CSD_P4_SmartSense_v2_10.o)
                0x00002ca4                CalibrateSensors_P4_v2_10
 *fill*         0x00002cc6        0x2 
 .text.TunePrescalers_P4_v2_10
                0x00002cc8       0x48 D:\Program Files (x86)\Cypress\PSoC Creator\3.1\PSoC Creator\psoc\content\cycomponentlibrary\CyComponentLibrary.cylib\CapSense_CSD_P4_v2_10\PSoC4\Library\CapsenseP4Library_GCC.a(CSD_P4_SmartSense_v2_10.o)
                0x00002cc8                TunePrescalers_P4_v2_10
 .text.TuneSensitivity_P4_v2_10
                0x00002d10      0x100 D:\Program Files (x86)\Cypress\PSoC Creator\3.1\PSoC Creator\psoc\content\cycomponentlibrary\CyComponentLibrary.cylib\CapSense_CSD_P4_v2_10\PSoC4\Library\CapsenseP4Library_GCC.a(CSD_P4_SmartSense_v2_10.o)
                0x00002d10                TuneSensitivity_P4_v2_10
 .text.MeasureNoiseEnvelope_P4_v2_10
                0x00002e10      0x118 D:\Program Files (x86)\Cypress\PSoC Creator\3.1\PSoC Creator\psoc\content\cycomponentlibrary\CyComponentLibrary.cylib\CapSense_CSD_P4_v2_10\PSoC4\Library\CapsenseP4Library_GCC.a(CSD_P4_SmartSense_v2_10.o)
                0x00002e10                MeasureNoiseEnvelope_P4_v2_10
 .text.CalculateThresholds_P4_v2_10
                0x00002f28       0x44 D:\Program Files (x86)\Cypress\PSoC Creator\3.1\PSoC Creator\psoc\content\cycomponentlibrary\CyComponentLibrary.cylib\CapSense_CSD_P4_v2_10\PSoC4\Library\CapsenseP4Library_GCC.a(CSD_P4_SmartSense_v2_10.o)
                0x00002f28                CalculateThresholds_P4_v2_10
 .text          0x00002f6c       0x9c d:/program files (x86)/cypress/psoc creator/3.1/psoc creator/import/gnu_cs/arm/4.8.4/bin/../lib/gcc/arm-none-eabi/4.8.4/armv6-m\libgcc.a(_udivsi3.o)
                0x00002f6c                __aeabi_uidiv
                0x00002f6c                __udivsi3
                0x00002ff4                __aeabi_uidivmod
 .text          0x00003008       0xc0 d:/program files (x86)/cypress/psoc creator/3.1/psoc creator/import/gnu_cs/arm/4.8.4/bin/../lib/gcc/arm-none-eabi/4.8.4/armv6-m\libgcc.a(_divsi3.o)
                0x00003008                __divsi3
                0x00003008                __aeabi_idiv
                0x000030b4                __aeabi_idivmod
 .text          0x000030c8        0x4 d:/program files (x86)/cypress/psoc creator/3.1/psoc creator/import/gnu_cs/arm/4.8.4/bin/../lib/gcc/arm-none-eabi/4.8.4/armv6-m\libgcc.a(_dvmd_tls.o)
                0x000030c8                __aeabi_idiv0
                0x000030c8                __aeabi_ldiv0
 .text.__libc_init_array
                0x000030cc       0x4c d:/program files (x86)/cypress/psoc creator/3.1/psoc creator/import/gnu_cs/arm/4.8.4/bin/../lib/gcc/arm-none-eabi/4.8.4/../../../../arm-none-eabi/lib/armv6-m\libg_s.a(lib_a-init.o)
                0x000030cc                __libc_init_array
 .text.memset   0x00003118       0x10 d:/program files (x86)/cypress/psoc creator/3.1/psoc creator/import/gnu_cs/arm/4.8.4/bin/../lib/gcc/arm-none-eabi/4.8.4/../../../../arm-none-eabi/lib/armv6-m\libg_s.a(lib_a-memset.o)
                0x00003118                memset
 *(.plt)
 *(.gnu.warning)
 *(.glue_7t)
 .glue_7t       0x00000000        0x0 linker stubs
 *(.glue_7)
 .glue_7        0x00000000        0x0 linker stubs
 *(.vfp11_veneer)
 .vfp11_veneer  0x00000000        0x0 linker stubs
 *(.bootloader)
 *(.ARM.extab* .gnu.linkonce.armextab.*)
 *(.gcc_except_table)

.v4_bx          0x00003128        0x0
 .v4_bx         0x00000000        0x0 linker stubs

.iplt           0x00003128        0x0
 .iplt          0x00000000        0x0 d:/program files (x86)/cypress/psoc creator/3.1/psoc creator/import/gnu_cs/arm/4.8.4/bin/../lib/gcc/arm-none-eabi/4.8.4/armv6-m/crtbegin.o

.eh_frame_hdr
 *(.eh_frame_hdr)

.eh_frame       0x00003128        0x4
 *(.eh_frame)
 .eh_frame      0x00003128        0x0 d:/program files (x86)/cypress/psoc creator/3.1/psoc creator/import/gnu_cs/arm/4.8.4/bin/../lib/gcc/arm-none-eabi/4.8.4/armv6-m/crtbegin.o
 .eh_frame      0x00003128        0x4 d:/program files (x86)/cypress/psoc creator/3.1/psoc creator/import/gnu_cs/arm/4.8.4/bin/../lib/gcc/arm-none-eabi/4.8.4/armv6-m/crtend.o
                0x0000312c                PROVIDE (__exidx_start, .)

.ARM.exidx
 *(.ARM.exidx* .gnu.linkonce.armexidx.*)
                0x0000312c                __exidx_end = .

.rodata         0x0000312c      0x184
 *(.rodata .rodata.* .gnu.linkonce.r.*)
 .rodata        0x0000312c       0x68 .\CortexM0\ARM_GCC_484\Debug\CapSense_CSD_P4_Design03.a(cyfitter_cfg.o)
 .rodata        0x00003194       0x90 .\CortexM0\ARM_GCC_484\Debug\CapSense_CSD_P4_Design03.a(CapSense_CSD.o)
                0x00003194                CapSense_CSD_portTable
                0x000031a0                CapSense_CSD_maskTable
                0x000031d0                CapSense_CSD_pinShiftTbl
                0x000031dc                CapSense_CSD_widgetNumber
                0x000031e8                CapSense_CSD_prtSelTbl
                0x000031fc                CapSense_CSD_prtCfgTbl
                0x00003210                CapSense_CSD_prtDRTbl
 .rodata        0x00003224        0xc .\CortexM0\ARM_GCC_484\Debug\CapSense_CSD_P4_Design03.a(CapSense_CSD_CSHL.o)
                0x00003224                CapSense_CSD_rawDataIndex
                0x00003228                CapSense_CSD_numberOfSensors
 .rodata        0x00003230       0x48 .\CortexM0\ARM_GCC_484\Debug\CapSense_CSD_P4_Design03.a(CapSense_CSD_SMS.o)
                0x00003230                prescalerTable
                0x00003240                CapSense_CSD_configPointers
                0x00003278                . = ALIGN (0x4)
 *(.init)
 .init          0x00003278        0x4 d:/program files (x86)/cypress/psoc creator/3.1/psoc creator/import/gnu_cs/arm/4.8.4/bin/../lib/gcc/arm-none-eabi/4.8.4/armv6-m/crti.o
                0x00003278                _init
 .init          0x0000327c        0x8 d:/program files (x86)/cypress/psoc creator/3.1/psoc creator/import/gnu_cs/arm/4.8.4/bin/../lib/gcc/arm-none-eabi/4.8.4/armv6-m/crtn.o
                0x00003284                . = ALIGN (0x4)
                0x00003284                __preinit_array_start = .
 *(.preinit_array)
                0x00003284                __preinit_array_end = .
                0x00003284                . = ALIGN (0x4)
                0x00003284                __init_array_start = .
 *(SORT(.init_array.*))
 *(.init_array)
 .init_array    0x00003284        0x4 d:/program files (x86)/cypress/psoc creator/3.1/psoc creator/import/gnu_cs/arm/4.8.4/bin/../lib/gcc/arm-none-eabi/4.8.4/armv6-m/crtbegin.o
 .init_array    0x00003288        0x4 .\CortexM0\ARM_GCC_484\Debug\Cm0Start.o
                0x0000328c                __init_array_end = .
                0x0000328c                . = ALIGN (0x4)
 *(.fini)
 .fini          0x0000328c        0x4 d:/program files (x86)/cypress/psoc creator/3.1/psoc creator/import/gnu_cs/arm/4.8.4/bin/../lib/gcc/arm-none-eabi/4.8.4/armv6-m/crti.o
                0x0000328c                _fini
 .fini          0x00003290        0x8 d:/program files (x86)/cypress/psoc creator/3.1/psoc creator/import/gnu_cs/arm/4.8.4/bin/../lib/gcc/arm-none-eabi/4.8.4/armv6-m/crtn.o
                0x00003298                . = ALIGN (0x4)
                0x00003298                __fini_array_start = .
 *(.fini_array)
 .fini_array    0x00003298        0x4 d:/program files (x86)/cypress/psoc creator/3.1/psoc creator/import/gnu_cs/arm/4.8.4/bin/../lib/gcc/arm-none-eabi/4.8.4/armv6-m/crtbegin.o
 *(SORT(.fini_array.*))
                0x0000329c                __fini_array_end = .
                0x0000329c                . = ALIGN (0x4)
 *crtbegin.o(.ctors)
 *(EXCLUDE_FILE(*crtend.o) .ctors)
 *(SORT(.ctors.*))
 *crtend.o(.ctors)
                0x0000329c                . = ALIGN (0x4)
 *crtbegin.o(.dtors)
 *(EXCLUDE_FILE(*crtend.o) .dtors)
 *(SORT(.dtors.*))
 *crtend.o(.dtors)
                0x0000329c                . = ALIGN (0x4)
                0x0000329c                __cy_regions = .
                0x0000329c        0x4 LONG 0x32b0 __cy_region_init_ram
                0x000032a0        0x4 LONG 0x200000d0 __cy_region_start_data
                0x000032a4        0x4 LONG 0x78 __cy_region_init_size_ram
                0x000032a8        0x4 LONG 0x180 __cy_region_zero_size_ram
                0x000032ac                __cy_regions_end = .
                0x000032b0                . = ALIGN (0x8)
 *fill*         0x000032ac        0x4 
                0x000032b0                _etext = .

.ramvectors     0x20000000       0xc0
                0x20000000                __cy_region_start_ram = .
 *(.ramvectors)
 .ramvectors    0x20000000       0xc0 .\CortexM0\ARM_GCC_484\Debug\Cm0Start.o
                0x20000000                CyRamVectors

.btldr_run      0x200000c0        0x4
 *(.bootloaderruntype)
 .bootloaderruntype
                0x200000c0        0x4 .\CortexM0\ARM_GCC_484\Debug\Cm0Start.o
                0x200000c0                cyBtldrRunType

.noinit         0x200000c8        0x4
 *(.noinit)
 .noinit        0x200000c8        0x4 .\CortexM0\ARM_GCC_484\Debug\Cm0Start.o

.data           0x200000d0       0x78 load address 0x000032b0
                0x200000d0                __cy_region_start_data = .
 *(.jcr)
 .jcr           0x200000d0        0x0 d:/program files (x86)/cypress/psoc creator/3.1/psoc creator/import/gnu_cs/arm/4.8.4/bin/../lib/gcc/arm-none-eabi/4.8.4/armv6-m/crtbegin.o
 .jcr           0x200000d0        0x4 d:/program files (x86)/cypress/psoc creator/3.1/psoc creator/import/gnu_cs/arm/4.8.4/bin/../lib/gcc/arm-none-eabi/4.8.4/armv6-m/crtend.o
 *(.got.plt)
 *(.got)
 *(.shdata)
 *(.data .data.* .gnu.linkonce.d.*)
 .data          0x200000d4        0x4 .\CortexM0\ARM_GCC_484\Debug\CapSense_CSD_P4_Design03.a(cyfitter_cfg.o)
 .data          0x200000d8       0x38 .\CortexM0\ARM_GCC_484\Debug\CapSense_CSD_P4_Design03.a(CapSense_CSD.o)
                0x200000d8                CapSense_CSD_sensorEnableMask
                0x200000dc                CapSense_CSD_pcTable
                0x2000010c                CapSense_CSD_widgetResolution
 .data          0x20000110       0x1c .\CortexM0\ARM_GCC_484\Debug\CapSense_CSD_P4_Design03.a(CapSense_CSD_CSHL.o)
                0x20000110                CapSense_CSD_lowBaselineReset
                0x2000011c                CapSense_CSD_enableRawFilters
                0x20000120                CapSense_CSD_debounce
 .data          0x2000012c        0xc .\CortexM0\ARM_GCC_484\Debug\CapSense_CSD_P4_Design03.a(CapSense_CSD_SMS.o)
                0x2000012c                SMS_LIB_SensorSensitivity
 .data          0x20000138       0x10 .\CortexM0\ARM_GCC_484\Debug\CapSense_CSD_P4_Design03.a(CyLib.o)
                0x20000138                cydelayFreqHz
                0x2000013c                cydelayFreqKhz
                0x20000140                cydelayFreqMhz
                0x20000144                cydelay32kMs
                0x20000148                . = ALIGN (0x8)
 *(.ram)
                0x20000148                _edata = .

.igot.plt       0x20000148        0x0 load address 0x00003328
 .igot.plt      0x00000000        0x0 d:/program files (x86)/cypress/psoc creator/3.1/psoc creator/import/gnu_cs/arm/4.8.4/bin/../lib/gcc/arm-none-eabi/4.8.4/armv6-m/crtbegin.o

.bss            0x20000148      0x180 load address 0x00003328
                0x20000148                PROVIDE (__bss_start__, .)
 *(.shbss)
 *(.bss .bss.* .gnu.linkonce.b.*)
 .bss           0x20000148       0x1c d:/program files (x86)/cypress/psoc creator/3.1/psoc creator/import/gnu_cs/arm/4.8.4/bin/../lib/gcc/arm-none-eabi/4.8.4/armv6-m/crtbegin.o
 .bss           0x20000164       0x20 .\CortexM0\ARM_GCC_484\Debug\CapSense_CSD_P4_Design03.a(CapSense_CSD.o)
                0x20000164                CapSense_CSD_lowLevelTuningDone
                0x20000165                CapSense_CSD_prescalersTuningDone
                0x20000166                CapSense_CSD_csdStatusVar
                0x20000167                CapSense_CSD_sensorIndex
                0x20000168                CapSense_CSD_sensorRaw
 .bss           0x20000184       0x3c .\CortexM0\ARM_GCC_484\Debug\CapSense_CSD_P4_Design03.a(CapSense_CSD_CSHL.o)
                0x20000184                CapSense_CSD_sensorBaseline
                0x2000019c                CapSense_CSD_sensorBaselineLow
                0x200001a8                CapSense_CSD_sensorSignal
                0x200001b4                CapSense_CSD_sensorOnMask
 .bss           0x200001c0        0x1 .\CortexM0\ARM_GCC_484\Debug\CapSense_CSD_P4_Design03.a(CapSense_CSD_INT.o)
 .bss           0x200001c1        0x1 .\CortexM0\ARM_GCC_484\Debug\CapSense_CSD_P4_Design03.a(LED_CONTROL.o)
                0x200001c1                LED_CONTROL_initVar
 *(COMMON)
 COMMON         0x200001c2        0x4 .\CortexM0\ARM_GCC_484\Debug\main.o
                0x200001c2                curPos
                0x200001c4                oldPos
 *fill*         0x200001c6        0x2 
 COMMON         0x200001c8       0x48 .\CortexM0\ARM_GCC_484\Debug\CapSense_CSD_P4_Design03.a(CapSense_CSD.o)
                0x200001c8                CapSense_CSD_csdTrim1
                0x200001cc                scanSpeedTbl
                0x200001d0                CapSense_CSD_compensationIDAC
                0x200001dc                CapSense_CSD_senseClkDividerVal
                0x200001e8                CapSense_CSD_sensorEnableMaskBackup
                0x200001ec                CapSense_CSD_unscannedSnsDriveMode
                0x200001f8                CapSense_CSD_modulationIDAC
                0x20000204                CapSense_CSD_sampleClkDividerVal
 COMMON         0x20000210       0x34 .\CortexM0\ARM_GCC_484\Debug\CapSense_CSD_P4_Design03.a(CapSense_CSD_CSHL.o)
                0x20000210                CapSense_CSD_fingerThreshold
                0x20000214                CapSense_CSD_negativeNoiseThreshold
                0x20000218                CapSense_CSD_hysteresis
                0x2000021c                CapSense_CSD_rawFilterData1
                0x20000234                CapSense_CSD_noiseThreshold
                0x20000238                CapSense_CSD_lowBaselineResetCnt
 COMMON         0x20000244       0x84 .\CortexM0\ARM_GCC_484\Debug\CapSense_CSD_P4_Design03.a(CapSense_CSD_SMS.o)
                0x20000244                signRegisterTbl
                0x20000250                runningDifferenceTbl
                0x2000025c                CapSense_CSD_config
                0x20000268                sampleMinTbl
                0x20000280                previousSampleTbl
                0x20000298                kValueTbl
                0x200002a4                sampleMaxTbl
                0x200002bc                noiseEnvelopeTbl
                0x200002c8                . = ALIGN (0x8)
 *(.ram.b)
                0x200002c8                _end = .
                0x200002c8                __end = .
                0x200002c8                PROVIDE (end, .)
                0x200002c8                PROVIDE (__bss_end__, .)
                0x000032b0                __cy_region_init_ram = LOADADDR (.data)
                0x00000078                __cy_region_init_size_ram = (_edata - ADDR (.data))
                0x00000180                __cy_region_zero_size_ram = (_end - _edata)

.heap           0x200002c8      0x100 load address 0x00003328
                0x200002c8                . = _end
                0x200003c8                . = (. + 0x100)
 *fill*         0x200002c8      0x100 
                0x200003c8                __cy_heap_limit = .

.stack          0x20000c00      0x400
                0x20000c00                __cy_stack_limit = .
                0x20001000                . = (. + 0x400)
 *fill*         0x20000c00      0x400 
                0x00000001                ASSERT ((__cy_stack_limit >= __cy_heap_limit), region RAM overflowed with stack)

.cyloadermeta   0xf0000000       0x40
 *(.cyloadermeta)
 .cyloadermeta  0xf0000000       0x40 .\CortexM0\ARM_GCC_484\Debug\cybootloader.o
                0xf0000000                cy_meta_loader

.cyloadablemeta
                0x00007fc0       0x40
 *(.cyloadablemeta)
 .cyloadablemeta
                0x00007fc0       0x40 .\CortexM0\ARM_GCC_484\Debug\cymetadata.o
                0x00007fc0                cy_meta_loadable

.cyflashprotect
                0x90400000       0x20
 *(.cyflashprotect)
 .cyflashprotect
                0x90400000       0x20 .\CortexM0\ARM_GCC_484\Debug\cybootloader.o
                0x90400000                cy_meta_flashprotect

.cymeta         0x90500000        0xc
 *(.cymeta)
 .cymeta        0x90500000        0xc .\CortexM0\ARM_GCC_484\Debug\cybootloader.o
                0x90500000                cy_metadata

.cychipprotect  0x90600000        0x4
 *(.cychipprotect)
 .cychipprotect
                0x90600000        0x4 .\CortexM0\ARM_GCC_484\Debug\cybootloader.o
                0x90600000                cy_meta_chipprotect

.rel.dyn        0x00008000        0x0 load address 0x90600004
 .rel.iplt      0x00000000        0x0 d:/program files (x86)/cypress/psoc creator/3.1/psoc creator/import/gnu_cs/arm/4.8.4/bin/../lib/gcc/arm-none-eabi/4.8.4/armv6-m/crtbegin.o

.stab
 *(.stab)

.stabstr
 *(.stabstr)

.debug
 *(.debug)

.line
 *(.line)

.debug_srcinfo
 *(.debug_srcinfo)

.debug_sfnames
 *(.debug_sfnames)

.debug_aranges  0x00000000      0x8d8
 *(.debug_aranges)
 .debug_aranges
                0x00000000       0x28 .\CortexM0\ARM_GCC_484\Debug\main.o
 .debug_aranges
                0x00000028       0x18 .\CortexM0\ARM_GCC_484\Debug\cymetadata.o
 .debug_aranges
                0x00000040       0x48 .\CortexM0\ARM_GCC_484\Debug\Cm0Start.o
 .debug_aranges
                0x00000088       0x18 .\CortexM0\ARM_GCC_484\Debug\cybootloader.o
 .debug_aranges
                0x000000a0       0x60 .\CortexM0\ARM_GCC_484\Debug\CapSense_CSD_P4_Design03.a(cyfitter_cfg.o)
 .debug_aranges
                0x00000100      0x158 .\CortexM0\ARM_GCC_484\Debug\CapSense_CSD_P4_Design03.a(CapSense_CSD.o)
 .debug_aranges
                0x00000258      0x150 .\CortexM0\ARM_GCC_484\Debug\CapSense_CSD_P4_Design03.a(CapSense_CSD_CSHL.o)
 .debug_aranges
                0x000003a8       0x20 .\CortexM0\ARM_GCC_484\Debug\CapSense_CSD_P4_Design03.a(CapSense_CSD_INT.o)
 .debug_aranges
                0x000003c8       0x60 .\CortexM0\ARM_GCC_484\Debug\CapSense_CSD_P4_Design03.a(CapSense_CSD_SMS.o)
 .debug_aranges
                0x00000428      0x158 .\CortexM0\ARM_GCC_484\Debug\CapSense_CSD_P4_Design03.a(LED_CONTROL.o)
 .debug_aranges
                0x00000580       0x40 .\CortexM0\ARM_GCC_484\Debug\CapSense_CSD_P4_Design03.a(CapSense_CSD_SampleClk.o)
 .debug_aranges
                0x000005c0       0x40 .\CortexM0\ARM_GCC_484\Debug\CapSense_CSD_P4_Design03.a(CapSense_CSD_SenseClk.o)
 .debug_aranges
                0x00000600       0x20 .\CortexM0\ARM_GCC_484\Debug\CapSense_CSD_P4_Design03.a(CyBootAsmGnu.o)
 .debug_aranges
                0x00000620      0x230 .\CortexM0\ARM_GCC_484\Debug\CapSense_CSD_P4_Design03.a(CyLib.o)
 .debug_aranges
                0x00000850       0x40 .\CortexM0\ARM_GCC_484\Debug\CapSense_CSD_P4_Design03.a(Pin_1.o)
 .debug_aranges
                0x00000890       0x48 D:\Program Files (x86)\Cypress\PSoC Creator\3.1\PSoC Creator\psoc\content\cycomponentlibrary\CyComponentLibrary.cylib\CapSense_CSD_P4_v2_10\PSoC4\Library\CapsenseP4Library_GCC.a(CSD_P4_SmartSense_v2_10.o)

.debug_pubnames
 *(.debug_pubnames)

.debug_info     0x00000000     0x49b3
 *(.debug_info .gnu.linkonce.wi.*)
 .debug_info    0x00000000       0xe6 .\CortexM0\ARM_GCC_484\Debug\main.o
 .debug_info    0x000000e6       0xb1 .\CortexM0\ARM_GCC_484\Debug\cymetadata.o
 .debug_info    0x00000197      0x310 .\CortexM0\ARM_GCC_484\Debug\Cm0Start.o
 .debug_info    0x000004a7      0x14d .\CortexM0\ARM_GCC_484\Debug\cybootloader.o
 .debug_info    0x000005f4      0x477 .\CortexM0\ARM_GCC_484\Debug\CapSense_CSD_P4_Design03.a(cyfitter_cfg.o)
 .debug_info    0x00000a6b      0xc0b .\CortexM0\ARM_GCC_484\Debug\CapSense_CSD_P4_Design03.a(CapSense_CSD.o)
 .debug_info    0x00001676      0xe0d .\CortexM0\ARM_GCC_484\Debug\CapSense_CSD_P4_Design03.a(CapSense_CSD_CSHL.o)
 .debug_info    0x00002483      0x11b .\CortexM0\ARM_GCC_484\Debug\CapSense_CSD_P4_Design03.a(CapSense_CSD_INT.o)
 .debug_info    0x0000259e      0x5ce .\CortexM0\ARM_GCC_484\Debug\CapSense_CSD_P4_Design03.a(CapSense_CSD_SMS.o)
 .debug_info    0x00002b6c      0x6f0 .\CortexM0\ARM_GCC_484\Debug\CapSense_CSD_P4_Design03.a(LED_CONTROL.o)
 .debug_info    0x0000325c      0x14d .\CortexM0\ARM_GCC_484\Debug\CapSense_CSD_P4_Design03.a(CapSense_CSD_SampleClk.o)
 .debug_info    0x000033a9      0x14d .\CortexM0\ARM_GCC_484\Debug\CapSense_CSD_P4_Design03.a(CapSense_CSD_SenseClk.o)
 .debug_info    0x000034f6       0xaf .\CortexM0\ARM_GCC_484\Debug\CapSense_CSD_P4_Design03.a(CyBootAsmGnu.o)
 .debug_info    0x000035a5      0xc5b .\CortexM0\ARM_GCC_484\Debug\CapSense_CSD_P4_Design03.a(CyLib.o)
 .debug_info    0x00004200      0x14c .\CortexM0\ARM_GCC_484\Debug\CapSense_CSD_P4_Design03.a(Pin_1.o)
 .debug_info    0x0000434c      0x667 D:\Program Files (x86)\Cypress\PSoC Creator\3.1\PSoC Creator\psoc\content\cycomponentlibrary\CyComponentLibrary.cylib\CapSense_CSD_P4_v2_10\PSoC4\Library\CapsenseP4Library_GCC.a(CSD_P4_SmartSense_v2_10.o)

.debug_abbrev   0x00000000     0x10d4
 *(.debug_abbrev)
 .debug_abbrev  0x00000000       0x78 .\CortexM0\ARM_GCC_484\Debug\main.o
 .debug_abbrev  0x00000078       0x5d .\CortexM0\ARM_GCC_484\Debug\cymetadata.o
 .debug_abbrev  0x000000d5      0x1c5 .\CortexM0\ARM_GCC_484\Debug\Cm0Start.o
 .debug_abbrev  0x0000029a       0x77 .\CortexM0\ARM_GCC_484\Debug\cybootloader.o
 .debug_abbrev  0x00000311      0x1b3 .\CortexM0\ARM_GCC_484\Debug\CapSense_CSD_P4_Design03.a(cyfitter_cfg.o)
 .debug_abbrev  0x000004c4      0x174 .\CortexM0\ARM_GCC_484\Debug\CapSense_CSD_P4_Design03.a(CapSense_CSD.o)
 .debug_abbrev  0x00000638      0x1c4 .\CortexM0\ARM_GCC_484\Debug\CapSense_CSD_P4_Design03.a(CapSense_CSD_CSHL.o)
 .debug_abbrev  0x000007fc       0x97 .\CortexM0\ARM_GCC_484\Debug\CapSense_CSD_P4_Design03.a(CapSense_CSD_INT.o)
 .debug_abbrev  0x00000893      0x1a0 .\CortexM0\ARM_GCC_484\Debug\CapSense_CSD_P4_Design03.a(CapSense_CSD_SMS.o)
 .debug_abbrev  0x00000a33      0x109 .\CortexM0\ARM_GCC_484\Debug\CapSense_CSD_P4_Design03.a(LED_CONTROL.o)
 .debug_abbrev  0x00000b3c       0xb5 .\CortexM0\ARM_GCC_484\Debug\CapSense_CSD_P4_Design03.a(CapSense_CSD_SampleClk.o)
 .debug_abbrev  0x00000bf1       0xb5 .\CortexM0\ARM_GCC_484\Debug\CapSense_CSD_P4_Design03.a(CapSense_CSD_SenseClk.o)
 .debug_abbrev  0x00000ca6       0x14 .\CortexM0\ARM_GCC_484\Debug\CapSense_CSD_P4_Design03.a(CyBootAsmGnu.o)
 .debug_abbrev  0x00000cba      0x207 .\CortexM0\ARM_GCC_484\Debug\CapSense_CSD_P4_Design03.a(CyLib.o)
 .debug_abbrev  0x00000ec1       0xb7 .\CortexM0\ARM_GCC_484\Debug\CapSense_CSD_P4_Design03.a(Pin_1.o)
 .debug_abbrev  0x00000f78      0x15c D:\Program Files (x86)\Cypress\PSoC Creator\3.1\PSoC Creator\psoc\content\cycomponentlibrary\CyComponentLibrary.cylib\CapSense_CSD_P4_v2_10\PSoC4\Library\CapsenseP4Library_GCC.a(CSD_P4_SmartSense_v2_10.o)

.debug_line     0x00000000     0x1f61
 *(.debug_line)
 .debug_line    0x00000000       0x87 .\CortexM0\ARM_GCC_484\Debug\main.o
 .debug_line    0x00000087       0x53 .\CortexM0\ARM_GCC_484\Debug\cymetadata.o
 .debug_line    0x000000da      0x1bc .\CortexM0\ARM_GCC_484\Debug\Cm0Start.o
 .debug_line    0x00000296       0x55 .\CortexM0\ARM_GCC_484\Debug\cybootloader.o
 .debug_line    0x000002eb      0x1d0 .\CortexM0\ARM_GCC_484\Debug\CapSense_CSD_P4_Design03.a(cyfitter_cfg.o)
 .debug_line    0x000004bb      0x4ca .\CortexM0\ARM_GCC_484\Debug\CapSense_CSD_P4_Design03.a(CapSense_CSD.o)
 .debug_line    0x00000985      0x4a8 .\CortexM0\ARM_GCC_484\Debug\CapSense_CSD_P4_Design03.a(CapSense_CSD_CSHL.o)
 .debug_line    0x00000e2d       0x95 .\CortexM0\ARM_GCC_484\Debug\CapSense_CSD_P4_Design03.a(CapSense_CSD_INT.o)
 .debug_line    0x00000ec2      0x1b3 .\CortexM0\ARM_GCC_484\Debug\CapSense_CSD_P4_Design03.a(CapSense_CSD_SMS.o)
 .debug_line    0x00001075      0x37b .\CortexM0\ARM_GCC_484\Debug\CapSense_CSD_P4_Design03.a(LED_CONTROL.o)
 .debug_line    0x000013f0       0xbf .\CortexM0\ARM_GCC_484\Debug\CapSense_CSD_P4_Design03.a(CapSense_CSD_SampleClk.o)
 .debug_line    0x000014af       0xbe .\CortexM0\ARM_GCC_484\Debug\CapSense_CSD_P4_Design03.a(CapSense_CSD_SenseClk.o)
 .debug_line    0x0000156d       0x69 .\CortexM0\ARM_GCC_484\Debug\CapSense_CSD_P4_Design03.a(CyBootAsmGnu.o)
 .debug_line    0x000015d6      0x703 .\CortexM0\ARM_GCC_484\Debug\CapSense_CSD_P4_Design03.a(CyLib.o)
 .debug_line    0x00001cd9       0xab .\CortexM0\ARM_GCC_484\Debug\CapSense_CSD_P4_Design03.a(Pin_1.o)
 .debug_line    0x00001d84      0x1dd D:\Program Files (x86)\Cypress\PSoC Creator\3.1\PSoC Creator\psoc\content\cycomponentlibrary\CyComponentLibrary.cylib\CapSense_CSD_P4_v2_10\PSoC4\Library\CapsenseP4Library_GCC.a(CSD_P4_SmartSense_v2_10.o)

.debug_frame    0x00000000     0x1ec8
 *(.debug_frame)
 .debug_frame   0x00000000       0x48 .\CortexM0\ARM_GCC_484\Debug\main.o
 .debug_frame   0x00000048       0xc8 .\CortexM0\ARM_GCC_484\Debug\Cm0Start.o
 .debug_frame   0x00000110      0x128 .\CortexM0\ARM_GCC_484\Debug\CapSense_CSD_P4_Design03.a(cyfitter_cfg.o)
 .debug_frame   0x00000238      0x508 .\CortexM0\ARM_GCC_484\Debug\CapSense_CSD_P4_Design03.a(CapSense_CSD.o)
 .debug_frame   0x00000740      0x4f8 .\CortexM0\ARM_GCC_484\Debug\CapSense_CSD_P4_Design03.a(CapSense_CSD_CSHL.o)
 .debug_frame   0x00000c38       0x2c .\CortexM0\ARM_GCC_484\Debug\CapSense_CSD_P4_Design03.a(CapSense_CSD_INT.o)
 .debug_frame   0x00000c64      0x130 .\CortexM0\ARM_GCC_484\Debug\CapSense_CSD_P4_Design03.a(CapSense_CSD_SMS.o)
 .debug_frame   0x00000d94      0x52c .\CortexM0\ARM_GCC_484\Debug\CapSense_CSD_P4_Design03.a(LED_CONTROL.o)
 .debug_frame   0x000012c0       0xa0 .\CortexM0\ARM_GCC_484\Debug\CapSense_CSD_P4_Design03.a(CapSense_CSD_SampleClk.o)
 .debug_frame   0x00001360       0xa0 .\CortexM0\ARM_GCC_484\Debug\CapSense_CSD_P4_Design03.a(CapSense_CSD_SenseClk.o)
 .debug_frame   0x00001400      0x83c .\CortexM0\ARM_GCC_484\Debug\CapSense_CSD_P4_Design03.a(CyLib.o)
 .debug_frame   0x00001c3c       0xa8 .\CortexM0\ARM_GCC_484\Debug\CapSense_CSD_P4_Design03.a(Pin_1.o)
 .debug_frame   0x00001ce4       0xe8 D:\Program Files (x86)\Cypress\PSoC Creator\3.1\PSoC Creator\psoc\content\cycomponentlibrary\CyComponentLibrary.cylib\CapSense_CSD_P4_v2_10\PSoC4\Library\CapsenseP4Library_GCC.a(CSD_P4_SmartSense_v2_10.o)
 .debug_frame   0x00001dcc       0x20 d:/program files (x86)/cypress/psoc creator/3.1/psoc creator/import/gnu_cs/arm/4.8.4/bin/../lib/gcc/arm-none-eabi/4.8.4/armv6-m\libgcc.a(_udivsi3.o)
 .debug_frame   0x00001dec       0x20 d:/program files (x86)/cypress/psoc creator/3.1/psoc creator/import/gnu_cs/arm/4.8.4/bin/../lib/gcc/arm-none-eabi/4.8.4/armv6-m\libgcc.a(_divsi3.o)
 .debug_frame   0x00001e0c       0x20 d:/program files (x86)/cypress/psoc creator/3.1/psoc creator/import/gnu_cs/arm/4.8.4/bin/../lib/gcc/arm-none-eabi/4.8.4/../../../../arm-none-eabi/lib/armv6-m\libg_s.a(lib_a-errno.o)
 .debug_frame   0x00001e2c       0x28 d:/program files (x86)/cypress/psoc creator/3.1/psoc creator/import/gnu_cs/arm/4.8.4/bin/../lib/gcc/arm-none-eabi/4.8.4/../../../../arm-none-eabi/lib/armv6-m\libg_s.a(lib_a-exit.o)
 .debug_frame   0x00001e54       0x2c d:/program files (x86)/cypress/psoc creator/3.1/psoc creator/import/gnu_cs/arm/4.8.4/bin/../lib/gcc/arm-none-eabi/4.8.4/../../../../arm-none-eabi/lib/armv6-m\libg_s.a(lib_a-init.o)
 .debug_frame   0x00001e80       0x28 d:/program files (x86)/cypress/psoc creator/3.1/psoc creator/import/gnu_cs/arm/4.8.4/bin/../lib/gcc/arm-none-eabi/4.8.4/../../../../arm-none-eabi/lib/armv6-m\libg_s.a(lib_a-memcpy-stub.o)
 .debug_frame   0x00001ea8       0x20 d:/program files (x86)/cypress/psoc creator/3.1/psoc creator/import/gnu_cs/arm/4.8.4/bin/../lib/gcc/arm-none-eabi/4.8.4/../../../../arm-none-eabi/lib/armv6-m\libg_s.a(lib_a-memset.o)

.debug_str      0x00000000     0x2afc
 *(.debug_str)
 .debug_str     0x00000000      0x181 .\CortexM0\ARM_GCC_484\Debug\main.o
                                0x1ba (size before relaxing)
 .debug_str     0x00000181       0x3d .\CortexM0\ARM_GCC_484\Debug\cymetadata.o
                                0x1b7 (size before relaxing)
 .debug_str     0x000001be      0x144 .\CortexM0\ARM_GCC_484\Debug\Cm0Start.o
                                0x2d8 (size before relaxing)
 .debug_str     0x00000302       0x7a .\CortexM0\ARM_GCC_484\Debug\cybootloader.o
                                0x1fa (size before relaxing)
 .debug_str     0x0000037c      0x1c0 .\CortexM0\ARM_GCC_484\Debug\CapSense_CSD_P4_Design03.a(cyfitter_cfg.o)
                                0x38a (size before relaxing)
 .debug_str     0x0000053c      0x8e9 .\CortexM0\ARM_GCC_484\Debug\CapSense_CSD_P4_Design03.a(CapSense_CSD.o)
                                0xa95 (size before relaxing)
 .debug_str     0x00000e25      0x911 .\CortexM0\ARM_GCC_484\Debug\CapSense_CSD_P4_Design03.a(CapSense_CSD_CSHL.o)
                                0xbe6 (size before relaxing)
 .debug_str     0x00001736       0x56 .\CortexM0\ARM_GCC_484\Debug\CapSense_CSD_P4_Design03.a(CapSense_CSD_INT.o)
                                0x258 (size before relaxing)
 .debug_str     0x0000178c      0x203 .\CortexM0\ARM_GCC_484\Debug\CapSense_CSD_P4_Design03.a(CapSense_CSD_SMS.o)
                                0x709 (size before relaxing)
 .debug_str     0x0000198f      0x4ee .\CortexM0\ARM_GCC_484\Debug\CapSense_CSD_P4_Design03.a(LED_CONTROL.o)
                                0x681 (size before relaxing)
 .debug_str     0x00001e7d      0x125 .\CortexM0\ARM_GCC_484\Debug\CapSense_CSD_P4_Design03.a(CapSense_CSD_SampleClk.o)
                                0x2b0 (size before relaxing)
 .debug_str     0x00001fa2       0xf7 .\CortexM0\ARM_GCC_484\Debug\CapSense_CSD_P4_Design03.a(CapSense_CSD_SenseClk.o)
                                0x2aa (size before relaxing)
 .debug_str     0x00002099      0x700 .\CortexM0\ARM_GCC_484\Debug\CapSense_CSD_P4_Design03.a(CyLib.o)
                                0x8e2 (size before relaxing)
 .debug_str     0x00002799       0x85 .\CortexM0\ARM_GCC_484\Debug\CapSense_CSD_P4_Design03.a(Pin_1.o)
                                0x214 (size before relaxing)
 .debug_str     0x0000281e      0x2de D:\Program Files (x86)\Cypress\PSoC Creator\3.1\PSoC Creator\psoc\content\cycomponentlibrary\CyComponentLibrary.cylib\CapSense_CSD_P4_v2_10\PSoC4\Library\CapsenseP4Library_GCC.a(CSD_P4_SmartSense_v2_10.o)
                                0x560 (size before relaxing)

.debug_loc      0x00000000      0x78c
 *(.debug_loc)
 .debug_loc     0x00000000      0x78c D:\Program Files (x86)\Cypress\PSoC Creator\3.1\PSoC Creator\psoc\content\cycomponentlibrary\CyComponentLibrary.cylib\CapSense_CSD_P4_v2_10\PSoC4\Library\CapsenseP4Library_GCC.a(CSD_P4_SmartSense_v2_10.o)

.debug_macinfo
 *(.debug_macinfo)

.debug_ranges   0x00000000      0x7b8
 *(.debug_ranges)
 .debug_ranges  0x00000000       0x18 .\CortexM0\ARM_GCC_484\Debug\main.o
 .debug_ranges  0x00000018       0x38 .\CortexM0\ARM_GCC_484\Debug\Cm0Start.o
 .debug_ranges  0x00000050       0x50 .\CortexM0\ARM_GCC_484\Debug\CapSense_CSD_P4_Design03.a(cyfitter_cfg.o)
 .debug_ranges  0x000000a0      0x148 .\CortexM0\ARM_GCC_484\Debug\CapSense_CSD_P4_Design03.a(CapSense_CSD.o)
 .debug_ranges  0x000001e8      0x140 .\CortexM0\ARM_GCC_484\Debug\CapSense_CSD_P4_Design03.a(CapSense_CSD_CSHL.o)
 .debug_ranges  0x00000328       0x10 .\CortexM0\ARM_GCC_484\Debug\CapSense_CSD_P4_Design03.a(CapSense_CSD_INT.o)
 .debug_ranges  0x00000338       0x50 .\CortexM0\ARM_GCC_484\Debug\CapSense_CSD_P4_Design03.a(CapSense_CSD_SMS.o)
 .debug_ranges  0x00000388      0x148 .\CortexM0\ARM_GCC_484\Debug\CapSense_CSD_P4_Design03.a(LED_CONTROL.o)
 .debug_ranges  0x000004d0       0x30 .\CortexM0\ARM_GCC_484\Debug\CapSense_CSD_P4_Design03.a(CapSense_CSD_SampleClk.o)
 .debug_ranges  0x00000500       0x30 .\CortexM0\ARM_GCC_484\Debug\CapSense_CSD_P4_Design03.a(CapSense_CSD_SenseClk.o)
 .debug_ranges  0x00000530      0x220 .\CortexM0\ARM_GCC_484\Debug\CapSense_CSD_P4_Design03.a(CyLib.o)
 .debug_ranges  0x00000750       0x30 .\CortexM0\ARM_GCC_484\Debug\CapSense_CSD_P4_Design03.a(Pin_1.o)
 .debug_ranges  0x00000780       0x38 D:\Program Files (x86)\Cypress\PSoC Creator\3.1\PSoC Creator\psoc\content\cycomponentlibrary\CyComponentLibrary.cylib\CapSense_CSD_P4_v2_10\PSoC4\Library\CapsenseP4Library_GCC.a(CSD_P4_SmartSense_v2_10.o)

.comment        0x00000000       0xe0
 .comment       0x00000000       0x70 .\CortexM0\ARM_GCC_484\Debug\main.o
                                 0x71 (size before relaxing)
 .comment       0x00000000       0x71 .\CortexM0\ARM_GCC_484\Debug\cymetadata.o
 .comment       0x00000000       0x71 .\CortexM0\ARM_GCC_484\Debug\Cm0Start.o
 .comment       0x00000000       0x71 .\CortexM0\ARM_GCC_484\Debug\cybootloader.o
 .comment       0x00000000       0x71 .\CortexM0\ARM_GCC_484\Debug\CapSense_CSD_P4_Design03.a(cyfitter_cfg.o)
 .comment       0x00000000       0x71 .\CortexM0\ARM_GCC_484\Debug\CapSense_CSD_P4_Design03.a(CapSense_CSD.o)
 .comment       0x00000000       0x71 .\CortexM0\ARM_GCC_484\Debug\CapSense_CSD_P4_Design03.a(CapSense_CSD_CSHL.o)
 .comment       0x00000000       0x71 .\CortexM0\ARM_GCC_484\Debug\CapSense_CSD_P4_Design03.a(CapSense_CSD_INT.o)
 .comment       0x00000000       0x71 .\CortexM0\ARM_GCC_484\Debug\CapSense_CSD_P4_Design03.a(CapSense_CSD_SMS.o)
 .comment       0x00000000       0x71 .\CortexM0\ARM_GCC_484\Debug\CapSense_CSD_P4_Design03.a(LED_CONTROL.o)
 .comment       0x00000000       0x71 .\CortexM0\ARM_GCC_484\Debug\CapSense_CSD_P4_Design03.a(CapSense_CSD_SampleClk.o)
 .comment       0x00000000       0x71 .\CortexM0\ARM_GCC_484\Debug\CapSense_CSD_P4_Design03.a(CapSense_CSD_SenseClk.o)
 .comment       0x00000000       0x71 .\CortexM0\ARM_GCC_484\Debug\CapSense_CSD_P4_Design03.a(CyLib.o)
 .comment       0x00000000       0x71 .\CortexM0\ARM_GCC_484\Debug\CapSense_CSD_P4_Design03.a(Pin_1.o)
 .comment       0x00000070       0x70 D:\Program Files (x86)\Cypress\PSoC Creator\3.1\PSoC Creator\psoc\content\cycomponentlibrary\CyComponentLibrary.cylib\CapSense_CSD_P4_v2_10\PSoC4\Library\CapsenseP4Library_GCC.a(CSD_P4_SmartSense_v2_10.o)
                                 0x71 (size before relaxing)

.debug_weaknames
 *(.debug_weaknames)

.debug_funcnames
 *(.debug_funcnames)

.debug_typenames
 *(.debug_typenames)

.debug_varnames
 *(.debug_varnames)

.note.gnu.arm.ident
 *(.note.gnu.arm.ident)

.ARM.attributes
                0x00000000       0x28
 *(.ARM.attributes)
 .ARM.attributes
                0x00000000       0x1e d:/program files (x86)/cypress/psoc creator/3.1/psoc creator/import/gnu_cs/arm/4.8.4/bin/../lib/gcc/arm-none-eabi/4.8.4/armv6-m/crti.o
 .ARM.attributes
                0x0000001e       0x2c d:/program files (x86)/cypress/psoc creator/3.1/psoc creator/import/gnu_cs/arm/4.8.4/bin/../lib/gcc/arm-none-eabi/4.8.4/armv6-m/crtbegin.o
 .ARM.attributes
                0x0000004a       0x1b d:/program files (x86)/cypress/psoc creator/3.1/psoc creator/import/gnu_cs/arm/4.8.4/bin/../lib/gcc/arm-none-eabi/4.8.4/../../../../arm-none-eabi/lib/armv6-m/crt0.o
 .ARM.attributes
                0x00000065       0x31 .\CortexM0\ARM_GCC_484\Debug\main.o
 .ARM.attributes
                0x00000096       0x31 .\CortexM0\ARM_GCC_484\Debug\cymetadata.o
 .ARM.attributes
                0x000000c7       0x31 .\CortexM0\ARM_GCC_484\Debug\Cm0Start.o
 .ARM.attributes
                0x000000f8       0x31 .\CortexM0\ARM_GCC_484\Debug\cybootloader.o
 .ARM.attributes
                0x00000129       0x31 .\CortexM0\ARM_GCC_484\Debug\CapSense_CSD_P4_Design03.a(cyfitter_cfg.o)
 .ARM.attributes
                0x0000015a       0x31 .\CortexM0\ARM_GCC_484\Debug\CapSense_CSD_P4_Design03.a(CapSense_CSD.o)
 .ARM.attributes
                0x0000018b       0x31 .\CortexM0\ARM_GCC_484\Debug\CapSense_CSD_P4_Design03.a(CapSense_CSD_CSHL.o)
 .ARM.attributes
                0x000001bc       0x31 .\CortexM0\ARM_GCC_484\Debug\CapSense_CSD_P4_Design03.a(CapSense_CSD_INT.o)
 .ARM.attributes
                0x000001ed       0x31 .\CortexM0\ARM_GCC_484\Debug\CapSense_CSD_P4_Design03.a(CapSense_CSD_SMS.o)
 .ARM.attributes
                0x0000021e       0x31 .\CortexM0\ARM_GCC_484\Debug\CapSense_CSD_P4_Design03.a(LED_CONTROL.o)
 .ARM.attributes
                0x0000024f       0x31 .\CortexM0\ARM_GCC_484\Debug\CapSense_CSD_P4_Design03.a(CapSense_CSD_SampleClk.o)
 .ARM.attributes
                0x00000280       0x31 .\CortexM0\ARM_GCC_484\Debug\CapSense_CSD_P4_Design03.a(CapSense_CSD_SenseClk.o)
 .ARM.attributes
                0x000002b1       0x21 .\CortexM0\ARM_GCC_484\Debug\CapSense_CSD_P4_Design03.a(CyBootAsmGnu.o)
 .ARM.attributes
                0x000002d2       0x31 .\CortexM0\ARM_GCC_484\Debug\CapSense_CSD_P4_Design03.a(CyLib.o)
 .ARM.attributes
                0x00000303       0x31 .\CortexM0\ARM_GCC_484\Debug\CapSense_CSD_P4_Design03.a(Pin_1.o)
 .ARM.attributes
                0x00000334       0x31 D:\Program Files (x86)\Cypress\PSoC Creator\3.1\PSoC Creator\psoc\content\cycomponentlibrary\CyComponentLibrary.cylib\CapSense_CSD_P4_v2_10\PSoC4\Library\CapsenseP4Library_GCC.a(CSD_P4_SmartSense_v2_10.o)
 .ARM.attributes
                0x00000365       0x1e d:/program files (x86)/cypress/psoc creator/3.1/psoc creator/import/gnu_cs/arm/4.8.4/bin/../lib/gcc/arm-none-eabi/4.8.4/armv6-m\libgcc.a(_udivsi3.o)
 .ARM.attributes
                0x00000383       0x1e d:/program files (x86)/cypress/psoc creator/3.1/psoc creator/import/gnu_cs/arm/4.8.4/bin/../lib/gcc/arm-none-eabi/4.8.4/armv6-m\libgcc.a(_divsi3.o)
 .ARM.attributes
                0x000003a1       0x1e d:/program files (x86)/cypress/psoc creator/3.1/psoc creator/import/gnu_cs/arm/4.8.4/bin/../lib/gcc/arm-none-eabi/4.8.4/armv6-m\libgcc.a(_dvmd_tls.o)
 .ARM.attributes
                0x000003bf       0x2c d:/program files (x86)/cypress/psoc creator/3.1/psoc creator/import/gnu_cs/arm/4.8.4/bin/../lib/gcc/arm-none-eabi/4.8.4/../../../../arm-none-eabi/lib/armv6-m\libg_s.a(lib_a-errno.o)
 .ARM.attributes
                0x000003eb       0x2c d:/program files (x86)/cypress/psoc creator/3.1/psoc creator/import/gnu_cs/arm/4.8.4/bin/../lib/gcc/arm-none-eabi/4.8.4/../../../../arm-none-eabi/lib/armv6-m\libg_s.a(lib_a-exit.o)
 .ARM.attributes
                0x00000417       0x2c d:/program files (x86)/cypress/psoc creator/3.1/psoc creator/import/gnu_cs/arm/4.8.4/bin/../lib/gcc/arm-none-eabi/4.8.4/../../../../arm-none-eabi/lib/armv6-m\libg_s.a(lib_a-impure.o)
 .ARM.attributes
                0x00000443       0x2c d:/program files (x86)/cypress/psoc creator/3.1/psoc creator/import/gnu_cs/arm/4.8.4/bin/../lib/gcc/arm-none-eabi/4.8.4/../../../../arm-none-eabi/lib/armv6-m\libg_s.a(lib_a-init.o)
 .ARM.attributes
                0x0000046f       0x2c d:/program files (x86)/cypress/psoc creator/3.1/psoc creator/import/gnu_cs/arm/4.8.4/bin/../lib/gcc/arm-none-eabi/4.8.4/../../../../arm-none-eabi/lib/armv6-m\libg_s.a(lib_a-memcpy-stub.o)
 .ARM.attributes
                0x0000049b       0x2c d:/program files (x86)/cypress/psoc creator/3.1/psoc creator/import/gnu_cs/arm/4.8.4/bin/../lib/gcc/arm-none-eabi/4.8.4/../../../../arm-none-eabi/lib/armv6-m\libg_s.a(lib_a-memset.o)
 .ARM.attributes
                0x000004c7       0x2c d:/program files (x86)/cypress/psoc creator/3.1/psoc creator/import/gnu_cs/arm/4.8.4/bin/../lib/gcc/arm-none-eabi/4.8.4/armv6-m/crtend.o
 .ARM.attributes
                0x000004f3       0x1e d:/program files (x86)/cypress/psoc creator/3.1/psoc creator/import/gnu_cs/arm/4.8.4/bin/../lib/gcc/arm-none-eabi/4.8.4/armv6-m/crtn.o

/DISCARD/
 *(.note.GNU-stack)
OUTPUT(.\CortexM0\ARM_GCC_484\Debug\CapSense_CSD_P4_Design03.elf elf32-littlearm)
